Component: ARM Compiler 5.05 update 2 (build 169) Tool: armlink [4d0f33]

==============================================================================

Section Cross References

    main.o(.text) refers to os_cpu_c.o(.text) for OS_CPU_SysTickInit
    main.o(.text) refers to os_core.o(.text) for OSStatInit
    main.o(.text) refers to task.o(.text) for App_Task
    main.o(.text) refers to os_time.o(.text) for OSTimeDlyHMSM
    main.o(.text) refers to os_cpu_a.o(.text) for CPU_IntDis
    main.o(.text) refers to os_task.o(.text) for OSTaskCreateExt
    main.o(.text) refers to system_stm32f4xx.o(.data) for SystemCoreClock
    main.o(.text) refers to main.o(.bss) for App_TaskStartStk
    timer.o(.text) refers to stm32f4xx_rcc.o(.text) for RCC_APB2PeriphClockCmd
    timer.o(.text) refers to stm32f4xx_tim.o(.text) for TIM_TimeBaseInit
    timer.o(.text) refers to misc.o(.text) for NVIC_Init
    stm32f4xx_it.o(.text) refers to os_cpu_a.o(.text) for OS_CPU_SR_Save
    stm32f4xx_it.o(.text) refers to can.o(.text) for CAN_RxMsg
    stm32f4xx_it.o(.text) refers to stm32f4xx_can.o(.text) for CAN_ClearFlag
    stm32f4xx_it.o(.text) refers to os_core.o(.text) for OSIntExit
    stm32f4xx_it.o(.text) refers to stm32f4xx_tim.o(.text) for TIM_GetITStatus
    stm32f4xx_it.o(.text) refers to os_sem.o(.text) for OSSemPost
    stm32f4xx_it.o(.text) refers to stm32f4xx_usart.o(.text) for USART_GetITStatus
    stm32f4xx_it.o(.text) refers to update.o(.text) for SetAngle
    stm32f4xx_it.o(.text) refers to os_core.o(.data) for OSIntNesting
    stm32f4xx_it.o(.text) refers to stm32f4xx_it.o(.data) for buffer
    stm32f4xx_it.o(.text) refers to task.o(.data) for PeriodSem
    stm32f4xx_it.o(.text) refers to stm32f4xx_it.o(.bss) for posture
    gpio.o(.text) refers to stm32f4xx_rcc.o(.text) for RCC_AHB1PeriphClockCmd
    gpio.o(.text) refers to stm32f4xx_gpio.o(.text) for GPIO_Init
    usart.o(.text) refers to stm32f4xx_rcc.o(.text) for RCC_AHB1PeriphClockCmd
    usart.o(.text) refers to stm32f4xx_gpio.o(.text) for GPIO_PinAFConfig
    usart.o(.text) refers to stm32f4xx_usart.o(.text) for USART_Init
    usart.o(.text) refers to misc.o(.text) for NVIC_Init
    elmo.o(.text) refers to can.o(.text) for CAN_TxMsg
    elmo.o(.text) refers to stm32f4xx_can.o(.text) for CAN_Transmit
    elmo.o(.text) refers to rt_memcpy_w.o(.text) for __aeabi_memcpy4
    elmo.o(.text) refers to elmo.o(.constdata) for .constdata
    can.o(.text) refers to stm32f4xx_rcc.o(.text) for RCC_APB1PeriphClockCmd
    can.o(.text) refers to stm32f4xx_gpio.o(.text) for GPIO_PinAFConfig
    can.o(.text) refers to stm32f4xx_can.o(.text) for CAN_DeInit
    can.o(.text) refers to misc.o(.text) for NVIC_Init
    task.o(.text) refers to os_sem.o(.text) for OSSemPend
    task.o(.text) refers to update.o(.text) for GetPosx
    task.o(.text) refers to walk.o(.text) for Circle
    task.o(.text) refers to misc.o(.text) for NVIC_PriorityGroupConfig
    task.o(.text) refers to can.o(.text) for CAN_Config
    task.o(.text) refers to timer.o(.text) for TIM_Delayms
    task.o(.text) refers to usart.o(.text) for GYRO_USART2_Init
    task.o(.text) refers to elmo.o(.text) for elmo_Init
    task.o(.text) refers to os_task.o(.text) for OSTaskSuspend
    task.o(.text) refers to task.o(.data) for PeriodSem
    task.o(.text) refers to task.o(.bss) for App_ConfigStk
    walk.o(.text) refers to elmo.o(.text) for VelCrl
    walk.o(.text) refers to update.o(.text) for GetTempPosx
    walk.o(.text) refers to f2d.o(x$fpl$f2d) for __aeabi_f2d
    walk.o(.text) refers to fabs.o(i.__hardfp_fabs) for __hardfp_fabs
    walk.o(.text) refers to drleqf.o(x$fpl$drleqf) for __aeabi_cdrcmple
    walk.o(.text) refers to sinf.o(i.__hardfp_sinf) for __hardfp_sinf
    walk.o(.text) refers to cosf.o(i.__hardfp_cosf) for __hardfp_cosf
    walk.o(.text) refers to powf.o(i.__hardfp_powf) for __hardfp_powf
    walk.o(.text) refers to sqrtf.o(i.__hardfp_sqrtf) for __hardfp_sqrtf
    walk.o(.text) refers to atan2f.o(i.__hardfp_atan2f) for __hardfp_atan2f
    walk.o(.text) refers to asinf.o(i.__hardfp_asinf) for __hardfp_asinf
    walk.o(.text) refers to dleqf.o(x$fpl$dleqf) for __aeabi_cdcmple
    update.o(.text) refers to update.o(.data) for angle
    system_stm32f4xx.o(.text) refers to system_stm32f4xx.o(.data) for SystemCoreClock
    startup_stm32f4xx.o(STACK) refers (Special) to heapauxi.o(.text) for __use_two_region_memory
    startup_stm32f4xx.o(HEAP) refers (Special) to heapauxi.o(.text) for __use_two_region_memory
    startup_stm32f4xx.o(RESET) refers (Special) to heapauxi.o(.text) for __use_two_region_memory
    startup_stm32f4xx.o(RESET) refers to startup_stm32f4xx.o(STACK) for __initial_sp
    startup_stm32f4xx.o(RESET) refers to startup_stm32f4xx.o(.text) for Reset_Handler
    startup_stm32f4xx.o(RESET) refers to stm32f4xx_it.o(.text) for NMI_Handler
    startup_stm32f4xx.o(RESET) refers to os_cpu_a.o(.text) for PendSV_Handler
    startup_stm32f4xx.o(RESET) refers to os_cpu_c.o(.text) for SysTick_Handler
[...]
    count                                    0x2000002d   Data           1  stm32f4xx_it.o(.data)
    i                                        0x2000002e   Data           1  stm32f4xx_it.o(.data)
    .data                                    0x20000030   Section        5  task.o(.data)
    .data                                    0x20000038   Section       24  update.o(.data)
    .data                                    0x20000050   Section       20  system_stm32f4xx.o(.data)
    .data                                    0x20000064   Section        6  os_cpu_c.o(.data)
    OSTmrCtr                                 0x20000068   Data           2  os_cpu_c.o(.data)
    .data                                    0x2000006c   Section       96  os_core.o(.data)
    .data                                    0x200000cc   Section       16  stm32f4xx_rcc.o(.data)
    APBAHBPrescTable                         0x200000cc   Data          16  stm32f4xx_rcc.o(.data)
    .bss                                     0x200000dc   Section     6144  main.o(.bss)
    App_TaskStartStk                         0x200000dc   Data        1024  main.o(.bss)
    App_ConfigStk                            0x200004dc   Data        1024  main.o(.bss)
    CalTaskStk                               0x200008dc   Data        1024  main.o(.bss)
    WalkTaskStk                              0x20000cdc   Data        2048  main.o(.bss)
    DebugTaskStk                             0x200014dc   Data        1024  main.o(.bss)
    .bss                                     0x200018dc   Section       24  stm32f4xx_it.o(.bss)
    posture                                  0x200018dc   Data          24  stm32f4xx_it.o(.bss)
    .bss                                     0x200018f4   Section     6144  task.o(.bss)
    App_TaskStartStk                         0x200018f4   Data        1024  task.o(.bss)
    App_ConfigStk                            0x20001cf4   Data        1024  task.o(.bss)
    CalTaskStk                               0x200020f4   Data        1024  task.o(.bss)
    WalkTaskStk                              0x200024f4   Data        2048  task.o(.bss)
    DebugTaskStk                             0x20002cf4   Data        1024  task.o(.bss)
    .bss                                     0x200030f4   Section      512  os_cpu_c.o(.bss)
    .bss                                     0x200032f4   Section     7048  os_core.o(.bss)
    .bss                                     0x20004e7c   Section       96  libspace.o(.bss)
    HEAP                                     0x20004ee0   Section      512  startup_stm32f4xx.o(HEAP)
    Heap_Mem                                 0x20004ee0   Data         512  startup_stm32f4xx.o(HEAP)
    STACK                                    0x200050e0   Section     1024  startup_stm32f4xx.o(STACK)
    Stack_Mem                                0x200050e0   Data        1024  startup_stm32f4xx.o(STACK)
    __initial_sp                             0x200054e0   Data           0  startup_stm32f4xx.o(STACK)

    Global Symbols

    Symbol Name                              Value     Ov Type        Size  Object(Section)

    BuildAttributes$$THM_ISAv4$E$P$D$K$B$S$7EM$VFPi3$EXTD16$VFPS$VFMA$PE$A:L22UL41UL21$X:L11$S22US41US21$IEEE1$IW$USESV6$~STKCKD$USESV7$~SHL$OTIME$ROPI$IEEEX$EBA8$UX$STANDARDLIB$REQ8$PRES8$EABIv2 0x00000000   Number         0  anon$$obj.o ABSOLUTE
    __ARM_use_no_argv                        0x00000000   Number         0  main.o ABSOLUTE
    __ARM_exceptions_init                     - Undefined Weak Reference
    __alloca_initialize                       - Undefined Weak Reference
    __arm_preinit_                            - Undefined Weak Reference
    __cpp_initialize__aeabi_                  - Undefined Weak Reference
    __cxa_finalize                            - Undefined Weak Reference
    __rt_locale                               - Undefined Weak Reference
    __sigvec_lookup                           - Undefined Weak Reference
    _atexit_init                              - Undefined Weak Reference
    _call_atexit_fns                          - Undefined Weak Reference
    _clock_init                               - Undefined Weak Reference
    _fp_trap_init                             - Undefined Weak Reference
    _fp_trap_shutdown                         - Undefined Weak Reference
    _get_lc_collate                           - Undefined Weak Reference
    _get_lc_ctype                             - Undefined Weak Reference
    _get_lc_monetary                          - Undefined Weak Reference
    _get_lc_numeric                           - Undefined Weak Reference
    _get_lc_time                              - Undefined Weak Reference
    _getenv_init                              - Undefined Weak Reference
    _handle_redirection                       - Undefined Weak Reference
    _init_alloc                               - Undefined Weak Reference
    _init_user_alloc                          - Undefined Weak Reference
    _initio                                   - Undefined Weak Reference
    _rand_init                                - Undefined Weak Reference
    _signal_finish                            - Undefined Weak Reference
    _signal_init                              - Undefined Weak Reference
    _terminate_alloc                          - Undefined Weak Reference
    _terminate_user_alloc                     - Undefined Weak Reference
    _terminateio                              - Undefined Weak Reference
    __Vectors_Size                           0x00000188   Number         0  startup_stm32f4xx.o ABSOLUTE
    __Vectors                                0x08000000   Data           4  startup_stm32f4xx.o(RESET)
    __Vectors_End                            0x08000188   Data           0  startup_stm32f4xx.o(RESET)
    __main                                   0x08000189   Thumb Code     8  __main.o(!!!main)
    __scatterload                            0x08000191   Thumb Code     0  __scatter.o(!!!scatter)
    __scatterload_rt2                        0x08000191   Thumb Code    44  __scatter.o(!!!scatter)
    __scatterload_rt2_thumb_only             0x08000191   Thumb Code     0  __scatter.o(!!!scatter)
    __scatterload_null                       0x0800019f   Thumb Code     0  __scatter.o(!!!scatter)
    __scatterload_copy                       0x080001c5   Thumb Code    26  __scatter_copy.o(!!handler_copy)
    __scatterload_zeroinit                   0x080001e1   Thumb Code    28  __scatter_zi.o(!!handler_zi)
    __rt_lib_init                            0x080001fd   Thumb Code     0  libinit.o(.ARM.Collect$$libinit$$00000000)
    __rt_lib_init_fp_1                       0x080001ff   Thumb Code     0  libinit2.o(.ARM.Collect$$libinit$$00000001)
    __rt_lib_init_alloca_1                   0x08000203   Thumb Code     0  libinit2.o(.ARM.Collect$$libinit$$0000002E)
    __rt_lib_init_argv_1                     0x08000203   Thumb Code     0  libinit2.o(.ARM.Collect$$libinit$$0000002C)
    __rt_lib_init_atexit_1                   0x08000203   Thumb Code     0  libinit2.o(.ARM.Collect$$libinit$$0000001B)
    __rt_lib_init_clock_1                    0x08000203   Thumb Code     0  libinit2.o(.ARM.Collect$$libinit$$00000021)
    __rt_lib_init_cpp_1                      0x08000203   Thumb Code     0  libinit2.o(.ARM.Collect$$libinit$$00000032)
    __rt_lib_init_exceptions_1               0x08000203   Thumb Code     0  libinit2.o(.ARM.Collect$$libinit$$00000030)
    __rt_lib_init_fp_trap_1                  0x08000203   Thumb Code     0  libinit2.o(.ARM.Collect$$libinit$$0000001F)
    __rt_lib_init_getenv_1                   0x08000203   Thumb Code     0  libinit2.o(.ARM.Collect$$libinit$$00000023)
    __rt_lib_init_heap_1                     0x08000203   Thumb Code     0  libinit2.o(.ARM.Collect$$libinit$$0000000A)
    __rt_lib_init_lc_collate_1               0x08000203   Thumb Code     0  libinit2.o(.ARM.Collect$$libinit$$00000011)
    __rt_lib_init_lc_ctype_1                 0x08000203   Thumb Code     0  libinit2.o(.ARM.Collect$$libinit$$00000013)
    __rt_lib_init_lc_monetary_1              0x08000203   Thumb Code     0  libinit2.o(.ARM.Collect$$libinit$$00000015)
    __rt_lib_init_lc_numeric_1               0x08000203   Thumb Code     0  libinit2.o(.ARM.Collect$$libinit$$00000017)
    __rt_lib_init_lc_time_1                  0x08000203   Thumb Code     0  libinit2.o(.ARM.Collect$$libinit$$00000019)
    __rt_lib_init_preinit_1                  0x08000203   Thumb Code     0  libinit2.o(.ARM.Collect$$libinit$$00000004)
    __rt_lib_init_rand_1                     0x08000203   Thumb Code     0  libinit2.o(.ARM.Collect$$libinit$$0000000E)
    __rt_lib_init_return                     0x08000203   Thumb Code     0  libinit2.o(.ARM.Collect$$libinit$$00000033)
    __rt_lib_init_signal_1                   0x08000203   Thumb Code     0  libinit2.o(.ARM.Collect$$libinit$$0000001D)
    __rt_lib_init_stdio_1                    0x08000203   Thumb Code     0  libinit2.o(.ARM.Collect$$libinit$$00000025)
    __rt_lib_init_user_alloc_1               0x08000203   Thumb Code     0  libinit2.o(.ARM.Collect$$libinit$$0000000C)
    __rt_lib_shutdown                        0x08000205   Thumb Code     0  libshutdown.o(.ARM.Collect$$libshutdown$$00000000)
    __rt_lib_shutdown_fp_trap_1              0x08000207   Thumb Code     0  libshutdown2.o(.ARM.Collect$$libshutdown$$00000006)
    __rt_lib_shutdown_heap_1                 0x08000207   Thumb Code     0  libshutdown2.o(.ARM.Collect$$libshutdown$$0000000E)
    __rt_lib_shutdown_return                 0x08000207   Thumb Code     0  libshutdown2.o(.ARM.Collect$$libshutdown$$0000000F)
    __rt_lib_shutdown_signal_1               0x08000207   Thumb Code     0  libshutdown2.o(.ARM.Collect$$libshutdown$$00000009)
    __rt_lib_shutdown_stdio_1                0x08000207   Thumb Code     0  libshutdown2.o(.ARM.Collect$$libshutdown$$00000003)
    __rt_lib_shutdown_user_alloc_1           0x08000207   Thumb Code     0  libshutdown2.o(.ARM.Collect$$libshutdown$$0000000B)
    __rt_entry                               0x08000209   Thumb Code     0  __rtentry.o(.ARM.Collect$$rtentry$$00000000)
    __rt_entry_presh_1                       0x08000209   Thumb Code     0  __rtentry2.o(.ARM.Collect$$rtentry$$00000002)
    __rt_entry_sh                            0x08000209   Thumb Code     0  __rtentry4.o(.ARM.Collect$$rtentry$$00000004)
    __rt_entry_li                            0x0800020f   Thumb Code     0  __rtentry2.o(.ARM.Collect$$rtentry$$0000000A)
    __rt_entry_postsh_1                      0x0800020f   Thumb Code     0  __rtentry2.o(.ARM.Collect$$rtentry$$00000009)
    __rt_entry_main                          0x08000213   Thumb Code     0  __rtentry2.o(.ARM.Collect$$rtentry$$0000000D)
    __rt_entry_postli_1                      0x08000213   Thumb Code     0  __rtentry2.o(.ARM.Collect$$rtentry$$0000000C)
    __rt_exit                                0x0800021b   Thumb Code     0  rtexit.o(.ARM.Collect$$rtexit$$00000000)
    __rt_exit_ls                             0x0800021d   Thumb Code     0  rtexit2.o(.ARM.Collect$$rtexit$$00000003)
    __rt_exit_prels_1                        0x0800021d   Thumb Code     0  rtexit2.o(.ARM.Collect$$rtexit$$00000002)
    __rt_exit_exit                           0x08000221   Thumb Code     0  rtexit2.o(.ARM.Collect$$rtexit$$00000004)
    main                                     0x08000251   Thumb Code    58  main.o(.text)
    TIM_Init                                 0x0800029d   Thumb Code   440  timer.o(.text)
    TIM_Delayus                              0x08000455   Thumb Code   422  timer.o(.text)
    TIM_Delay100us                           0x080005fb   Thumb Code   468  timer.o(.text)
    TIM_Delayms                              0x080007cf   Thumb Code    28  timer.o(.text)
    CAN1_RX0_IRQHandler                      0x080007ed   Thumb Code   130  stm32f4xx_it.o(.text)
    TIM2_IRQHandler                          0x0800086f   Thumb Code    58  stm32f4xx_it.o(.text)
    TIM1_UP_TIM10_IRQHandler                 0x080008a9   Thumb Code    50  stm32f4xx_it.o(.text)
    TIM8_UP_TIM13_IRQHandler                 0x080008db   Thumb Code    50  stm32f4xx_it.o(.text)
    TIM5_IRQHandler                          0x0800090d   Thumb Code    50  stm32f4xx_it.o(.text)
    TIM3_IRQHandler                          0x0800093f   Thumb Code    50  stm32f4xx_it.o(.text)
    TIM4_IRQHandler                          0x08000971   Thumb Code    50  stm32f4xx_it.o(.text)
    USART2_IRQHandler                        0x080009a3   Thumb Code   406  stm32f4xx_it.o(.text)
    NMI_Handler                              0x08000b39   Thumb Code     4  stm32f4xx_it.o(.text)
    HardFault_Handler                        0x08000b3d   Thumb Code     4  stm32f4xx_it.o(.text)
    MemManage_Handler                        0x08000b41   Thumb Code     4  stm32f4xx_it.o(.text)
    BusFault_Handler                         0x08000b45   Thumb Code     4  stm32f4xx_it.o(.text)
    UsageFault_Handler                       0x08000b49   Thumb Code     4  stm32f4xx_it.o(.text)
    SVC_Handler                              0x08000b4d   Thumb Code     2  stm32f4xx_it.o(.text)
    DebugMon_Handler                         0x08000b4f   Thumb Code     2  stm32f4xx_it.o(.text)
    USART1_Init                              0x08000bc9   Thumb Code   170  usart.o(.text)
    GYRO_USART2_Init                         0x08000c73   Thumb Code   182  usart.o(.text)
    USART3_Init                              0x08000d29   Thumb Code   182  usart.o(.text)
    itoa                                     0x08000ddf   Thumb Code    98  usart.o(.text)
    USART_OUT                                0x08000e41   Thumb Code   262  usart.o(.text)
    elmo_Init                                0x08000f61   Thumb Code    24  elmo.o(.text)
    elmo_Enable                              0x08000f79   Thumb Code   132  elmo.o(.text)
    elmo_Disable                             0x08000ffd   Thumb Code   182  elmo.o(.text)
    Vel_cfg                                  0x080010b3   Thumb Code   204  elmo.o(.text)
    VelCrl                                   0x0800117f   Thumb Code   186  elmo.o(.text)
    Pos_cfg                                  0x08001239   Thumb Code   230  elmo.o(.text)
    PosCrl                                   0x0800131f   Thumb Code   222  elmo.o(.text)
    ReadActualCurrent                        0x080013fd   Thumb Code   130  elmo.o(.text)
    ReadActualPos                            0x0800147f   Thumb Code   132  elmo.o(.text)
    ReadActualVel                            0x08001503   Thumb Code   132  elmo.o(.text)
    CAN_Config                               0x08001591   Thumb Code   936  can.o(.text)
    CAN_TxMsg                                0x08001939   Thumb Code    88  can.o(.text)
    CAN_RxMsg                                0x08001991   Thumb Code    72  can.o(.text)
    App_Task                                 0x08001aff   Thumb Code    44  task.o(.text)
    VelTransform                             0x08001b69   Thumb Code    58  walk.o(.text)
    LockWheel                                0x08001ba3   Thumb Code    20  walk.o(.text)
    BasicWalk                                0x08001bb7   Thumb Code   180  walk.o(.text)
    CloseLine                                0x08001c6b   Thumb Code   904  walk.o(.text)
    Circle                                   0x08001ff3   Thumb Code   372  walk.o(.text)
    ToDestination                            0x08002167   Thumb Code  1424  walk.o(.text)
    SetAngle                                 0x080026fd   Thumb Code     8  update.o(.text)
    GetAngle                                 0x08002705   Thumb Code     8  update.o(.text)
    SetTempAngle                             0x0800270d   Thumb Code     8  update.o(.text)
    GetTempAngle                             0x08002715   Thumb Code     8  update.o(.text)
    SetPosx                                  0x0800271d   Thumb Code     8  update.o(.text)
    GetPosx                                  0x08002725   Thumb Code     8  update.o(.text)
    SetTempPosx                              0x0800272d   Thumb Code     8  update.o(.text)
    GetTempPosx                              0x08002735   Thumb Code     8  update.o(.text)
    SetPosy                                  0x0800273d   Thumb Code     8  update.o(.text)
    GetPosy                                  0x08002745   Thumb Code     8  update.o(.text)
    SetTempPosy                              0x0800274d   Thumb Code     8  update.o(.text)
    GetTempPosy                              0x08002755   Thumb Code     8  update.o(.text)
    SystemInit                               0x08002851   Thumb Code    88  system_stm32f4xx.o(.text)
    SystemCoreClockUpdate                    0x080028a9   Thumb Code   174  system_stm32f4xx.o(.text)
    Reset_Handler                            0x08002985   Thumb Code    18  startup_stm32f4xx.o(.text)
    ADC_IRQHandler                           0x080029a9   Thumb Code     0  startup_stm32f4xx.o(.text)
    CAN1_RX1_IRQHandler                      0x080029a9   Thumb Code     0  startup_stm32f4xx.o(.text)
    CAN1_SCE_IRQHandler                      0x080029a9   Thumb Code     0  startup_stm32f4xx.o(.text)
    CAN1_TX_IRQHandler                       0x080029a9   Thumb Code     0  startup_stm32f4xx.o(.text)
    CAN2_RX0_IRQHandler                      0x080029a9   Thumb Code     0  startup_stm32f4xx.o(.text)
    CAN2_RX1_IRQHandler                      0x080029a9   Thumb Code     0  startup_stm32f4xx.o(.text)
    CAN2_SCE_IRQHandler                      0x080029a9   Thumb Code     0  startup_stm32f4xx.o(.text)
    CAN2_TX_IRQHandler                       0x080029a9   Thumb Code     0  startup_stm32f4xx.o(.text)
    CRYP_IRQHandler                          0x080029a9   Thumb Code     0  startup_stm32f4xx.o(.text)
    DCMI_IRQHandler                          0x080029a9   Thumb Code     0  startup_stm32f4xx.o(.text)
    DMA1_Stream0_IRQHandler                  0x080029a9   Thumb Code     0  startup_stm32f4xx.o(.text)
    DMA1_Stream1_IRQHandler                  0x080029a9   Thumb Code     0  startup_stm32f4xx.o(.text)
    DMA1_Stream2_IRQHandler                  0x080029a9   Thumb Code     0  startup_stm32f4xx.o(.text)
    DMA1_Stream3_IRQHandler                  0x080029a9   Thumb Code     0  startup_stm32f4xx.o(.text)
    DMA1_Stream4_IRQHandler                  0x080029a9   Thumb Code     0  startup_stm32f4xx.o(.text)
    DMA1_Stream5_IRQHandler                  0x080029a9   Thumb Code     0  startup_stm32f4xx.o(.text)
    DMA1_Stream6_IRQHandler                  0x080029a9   Thumb Code     0  startup_stm32f4xx.o(.text)
    DMA1_Stream7_IRQHandler                  0x080029a9   Thumb Code     0  startup_stm32f4xx.o(.text)
    DMA2_Stream0_IRQHandler                  0x080029a9   Thumb Code     0  startup_stm32f4xx.o(.text)
    DMA2_Stream1_IRQHandler                  0x080029a9   Thumb Code     0  startup_stm32f4xx.o(.text)
    DMA2_Stream2_IRQHandler                  0x080029a9   Thumb Code     0  startup_stm32f4xx.o(.text)
    DMA2_Stream3_IRQHandler                  0x080029a9   Thumb Code     0  startup_stm32f4xx.o(.text)
    DMA2_Stream4_IRQHandler                  0x080029a9   Thumb Code     0  startup_stm32f4xx.o(.text)
    DMA2_Stream5_IRQHandler                  0x080029a9   Thumb Code     0  startup_stm32f4xx.o(.text)
    DMA2_Stream6_IRQHandler                  0x080029a9   Thumb Code     0  startup_stm32f4xx.o(.text)
    DMA2_Stream7_IRQHandler                  0x080029a9   Thumb Code     0  startup_stm32f4xx.o(.text)
    ETH_IRQHandler                           0x080029a9   Thumb Code     0  startup_stm32f4xx.o(.text)
    ETH_WKUP_IRQHandler                      0x080029a9   Thumb Code     0  startup_stm32f4xx.o(.text)
    EXTI0_IRQHandler                         0x080029a9   Thumb Code     0  startup_stm32f4xx.o(.text)
    EXTI15_10_IRQHandler                     0x080029a9   Thumb Code     0  startup_stm32f4xx.o(.text)
    EXTI1_IRQHandler                         0x080029a9   Thumb Code     0  startup_stm32f4xx.o(.text)
    EXTI2_IRQHandler                         0x080029a9   Thumb Code     0  startup_stm32f4xx.o(.text)
    EXTI3_IRQHandler                         0x080029a9   Thumb Code     0  startup_stm32f4xx.o(.text)
    EXTI4_IRQHandler                         0x080029a9   Thumb Code     0  startup_stm32f4xx.o(.text)
    EXTI9_5_IRQHandler                       0x080029a9   Thumb Code     0  startup_stm32f4xx.o(.text)
    FLASH_IRQHandler                         0x080029a9   Thumb Code     0  startup_stm32f4xx.o(.text)
    FPU_IRQHandler                           0x080029a9   Thumb Code     0  startup_stm32f4xx.o(.text)
    FSMC_IRQHandler                          0x080029a9   Thumb Code     0  startup_stm32f4xx.o(.text)
    HASH_RNG_IRQHandler                      0x080029a9   Thumb Code     0  startup_stm32f4xx.o(.text)
    I2C1_ER_IRQHandler                       0x080029a9   Thumb Code     0  startup_stm32f4xx.o(.text)
    I2C1_EV_IRQHandler                       0x080029a9   Thumb Code     0  startup_stm32f4xx.o(.text)
    I2C2_ER_IRQHandler                       0x080029a9   Thumb Code     0  startup_stm32f4xx.o(.text)
    I2C2_EV_IRQHandler                       0x080029a9   Thumb Code     0  startup_stm32f4xx.o(.text)
    I2C3_ER_IRQHandler                       0x080029a9   Thumb Code     0  startup_stm32f4xx.o(.text)
    I2C3_EV_IRQHandler                       0x080029a9   Thumb Code     0  startup_stm32f4xx.o(.text)
    OTG_FS_IRQHandler                        0x080029a9   Thumb Code     0  startup_stm32f4xx.o(.text)
    OTG_FS_WKUP_IRQHandler                   0x080029a9   Thumb Code     0  startup_stm32f4xx.o(.text)
    OTG_HS_EP1_IN_IRQHandler                 0x080029a9   Thumb Code     0  startup_stm32f4xx.o(.text)
    OTG_HS_EP1_OUT_IRQHandler                0x080029a9   Thumb Code     0  startup_stm32f4xx.o(.text)
    OTG_HS_IRQHandler                        0x080029a9   Thumb Code     0  startup_stm32f4xx.o(.text)
    OTG_HS_WKUP_IRQHandler                   0x080029a9   Thumb Code     0  startup_stm32f4xx.o(.text)
    PVD_IRQHandler                           0x080029a9   Thumb Code     0  startup_stm32f4xx.o(.text)
    RCC_IRQHandler                           0x080029a9   Thumb Code     0  startup_stm32f4xx.o(.text)
    RTC_Alarm_IRQHandler                     0x080029a9   Thumb Code     0  startup_stm32f4xx.o(.text)
    RTC_WKUP_IRQHandler                      0x080029a9   Thumb Code     0  startup_stm32f4xx.o(.text)
    SDIO_IRQHandler                          0x080029a9   Thumb Code     0  startup_stm32f4xx.o(.text)
    SPI1_IRQHandler                          0x080029a9   Thumb Code     0  startup_stm32f4xx.o(.text)
    SPI2_IRQHandler                          0x080029a9   Thumb Code     0  startup_stm32f4xx.o(.text)
    SPI3_IRQHandler                          0x080029a9   Thumb Code     0  startup_stm32f4xx.o(.text)
    TAMP_STAMP_IRQHandler                    0x080029a9   Thumb Code     0  startup_stm32f4xx.o(.text)
    TIM1_BRK_TIM9_IRQHandler                 0x080029a9   Thumb Code     0  startup_stm32f4xx.o(.text)
    TIM1_CC_IRQHandler                       0x080029a9   Thumb Code     0  startup_stm32f4xx.o(.text)
    TIM1_TRG_COM_TIM11_IRQHandler            0x080029a9   Thumb Code     0  startup_stm32f4xx.o(.text)
    TIM6_DAC_IRQHandler                      0x080029a9   Thumb Code     0  startup_stm32f4xx.o(.text)
    TIM7_IRQHandler                          0x080029a9   Thumb Code     0  startup_stm32f4xx.o(.text)
    TIM8_BRK_TIM12_IRQHandler                0x080029a9   Thumb Code     0  startup_stm32f4xx.o(.text)
    TIM8_CC_IRQHandler                       0x080029a9   Thumb Code     0  startup_stm32f4xx.o(.text)
    TIM8_TRG_COM_TIM14_IRQHandler            0x080029a9   Thumb Code     0  startup_stm32f4xx.o(.text)
    UART4_IRQHandler                         0x080029a9   Thumb Code     0  startup_stm32f4xx.o(.text)
    UART5_IRQHandler                         0x080029a9   Thumb Code     0  startup_stm32f4xx.o(.text)
    USART1_IRQHandler                        0x080029a9   Thumb Code     0  startup_stm32f4xx.o(.text)
    USART3_IRQHandler                        0x080029a9   Thumb Code     0  startup_stm32f4xx.o(.text)
    USART6_IRQHandler                        0x080029a9   Thumb Code     0  startup_stm32f4xx.o(.text)
    WWDG_IRQHandler                          0x080029a9   Thumb Code     0  startup_stm32f4xx.o(.text)
    __user_initial_stackheap                 0x080029ad   Thumb Code     0  startup_stm32f4xx.o(.text)
    OSInitHookBegin                          0x080029d5   Thumb Code    40  os_cpu_c.o(.text)
    OSInitHookEnd                            0x080029fd   Thumb Code     2  os_cpu_c.o(.text)
    OSTaskCreateHook                         0x080029ff   Thumb Code    12  os_cpu_c.o(.text)
    OSTaskDelHook                            0x08002a0b   Thumb Code    12  os_cpu_c.o(.text)
    OSTaskIdleHook                           0x08002a17   Thumb Code     8  os_cpu_c.o(.text)
    OSTaskStatHook                           0x08002a1f   Thumb Code     8  os_cpu_c.o(.text)
    OSTaskStkInit                            0x08002a27   Thumb Code   486  os_cpu_c.o(.text)
    OSTaskSwHook                             0x08002c0d   Thumb Code     8  os_cpu_c.o(.text)
    OSTCBInitHook                            0x08002c15   Thumb Code    12  os_cpu_c.o(.text)
    OSTimeTickHook                           0x08002c21   Thumb Code    34  os_cpu_c.o(.text)
    SysTick_Handler                          0x08002c43   Thumb Code    34  os_cpu_c.o(.text)
    OS_CPU_SysTickInit                       0x08002c65   Thumb Code    28  os_cpu_c.o(.text)
    OS_CPU_SR_Save                           0x08002c9d   Thumb Code     0  os_cpu_a.o(.text)
    OS_CPU_SR_Restore                        0x08002ca5   Thumb Code     0  os_cpu_a.o(.text)
    OSStartHighRdy                           0x08002cab   Thumb Code     0  os_cpu_a.o(.text)
    OSCtxSw                                  0x08002ccb   Thumb Code     0  os_cpu_a.o(.text)
    OSIntCtxSw                               0x08002cd5   Thumb Code     0  os_cpu_a.o(.text)
    PendSV_Handler                           0x08002cdf   Thumb Code     0  os_cpu_a.o(.text)
    CPU_IntDis                               0x08002d2d   Thumb Code     0  os_cpu_a.o(.text)
    CPU_IntEn                                0x08002d31   Thumb Code     0  os_cpu_a.o(.text)
    OSDebugInit                              0x08002d55   Thumb Code   118  os_dbg.o(.text)
    OS_StrLen                                0x08002eb1   Thumb Code    20  os_core.o(.text)
    OSEventNameGet                           0x08002ec5   Thumb Code   118  os_core.o(.text)
    OSEventNameSet                           0x08002f3b   Thumb Code   100  os_core.o(.text)
    OS_EventTaskRemoveMulti                  0x08002f9f   Thumb Code    58  os_core.o(.text)
    OS_Sched                                 0x08002ff3   Thumb Code    88  os_core.o(.text)
    OS_EventTaskWaitMulti                    0x0800304b   Thumb Code   136  os_core.o(.text)
    OSEventPendMulti                         0x080030d3   Thumb Code   760  os_core.o(.text)
    OS_TaskStatStkChk                        0x080033cb   Thumb Code    54  os_core.o(.text)
    OS_TaskStat                              0x08003401   Thumb Code   116  os_core.o(.text)
    OS_TaskIdle                              0x080034a9   Thumb Code    34  os_core.o(.text)
    OS_MemClr                                0x080034ff   Thumb Code    18  os_core.o(.text)
    OSInit                                   0x08003627   Thumb Code    56  os_core.o(.text)
    OSIntEnter                               0x0800365f   Thumb Code    28  os_core.o(.text)
    OSIntExit                                0x0800367b   Thumb Code   258  os_core.o(.text)
    OSSchedLock                              0x0800377d   Thumb Code    50  os_core.o(.text)
    OSSchedUnlock                            0x080037af   Thumb Code    82  os_core.o(.text)
    OSStart                                  0x08003801   Thumb Code    48  os_core.o(.text)
    OSStatInit                               0x08003831   Thumb Code    62  os_core.o(.text)
    OSTimeTick                               0x0800386f   Thumb Code   210  os_core.o(.text)
    OSVersion                                0x08003941   Thumb Code     6  os_core.o(.text)
    OS_Dummy                                 0x08003947   Thumb Code     2  os_core.o(.text)
    OS_EventTaskRemove                       0x08003949   Thumb Code    42  os_core.o(.text)
    OS_EventTaskRdy                          0x08003973   Thumb Code   128  os_core.o(.text)
    OS_EventTaskWait                         0x080039f3   Thumb Code   112  os_core.o(.text)
    OS_EventWaitListInit                     0x08003a63   Thumb Code    28  os_core.o(.text)
    OS_MemCopy                               0x08003a7f   Thumb Code    20  os_core.o(.text)
    OS_TCBInit                               0x08003a93   Thumb Code   358  os_core.o(.text)
    OSFlagAccept                             0x08003c01   Thumb Code   262  os_flag.o(.text)
    OSFlagCreate                             0x08003d07   Thumb Code    86  os_flag.o(.text)
    OS_FlagUnlink                            0x08003d5d   Thumb Code    36  os_flag.o(.text)
    OSFlagDel                                0x08003dd3   Thumb Code   224  os_flag.o(.text)
    OSFlagNameGet                            0x08003eb3   Thumb Code   100  os_flag.o(.text)
    OSFlagNameSet                            0x08003f17   Thumb Code    82  os_flag.o(.text)
    OSFlagPend                               0x08004001   Thumb Code   626  os_flag.o(.text)
    OSFlagPendGetFlagsRdy                    0x08004273   Thumb Code    26  os_flag.o(.text)
    OSFlagPost                               0x0800428d   Thumb Code   322  os_flag.o(.text)
    OSFlagQuery                              0x080043cf   Thumb Code    58  os_flag.o(.text)
    OS_FlagInit                              0x08004409   Thumb Code    78  os_flag.o(.text)
    OSMemCreate                              0x08004465   Thumb Code   164  os_mem.o(.text)
    OSMemGet                                 0x08004509   Thumb Code    72  os_mem.o(.text)
    OSMemNameGet                             0x08004551   Thumb Code    80  os_mem.o(.text)
    OSMemNameSet                             0x080045a1   Thumb Code    64  os_mem.o(.text)
    OSMemPut                                 0x080045e1   Thumb Code    66  os_mem.o(.text)
    OSMemQuery                               0x08004623   Thumb Code    64  os_mem.o(.text)
    OS_MemInit                               0x08004663   Thumb Code    74  os_mem.o(.text)
    OSQAccept                                0x080046bd   Thumb Code    98  os_q.o(.text)
    OSQCreate                                0x0800471f   Thumb Code   144  os_q.o(.text)
    OSQDel                                   0x080047af   Thumb Code   254  os_q.o(.text)
    OSQFlush                                 0x080048ad   Thumb Code    52  os_q.o(.text)
    OSQPend                                  0x080048e1   Thumb Code   288  os_q.o(.text)
    OSQPendAbort                             0x08004a01   Thumb Code   138  os_q.o(.text)
    OSQPost                                  0x08004a8b   Thumb Code   120  os_q.o(.text)
    OSQPostFront                             0x08004b03   Thumb Code   146  os_q.o(.text)
    OSQPostOpt                               0x08004b95   Thumb Code   188  os_q.o(.text)
    OSQQuery                                 0x08004c51   Thumb Code   110  os_q.o(.text)
    OS_QInit                                 0x08004cbf   Thumb Code    72  os_q.o(.text)
    OSSemAccept                              0x08004d11   Thumb Code    48  os_sem.o(.text)
    OSSemCreate                              0x08004d41   Thumb Code    72  os_sem.o(.text)
    OSSemDel                                 0x08004d89   Thumb Code   220  os_sem.o(.text)
    OSSemPend                                0x08004e65   Thumb Code   236  os_sem.o(.text)
    OSSemPendAbort                           0x08004f51   Thumb Code   138  os_sem.o(.text)
    OSSemPost                                0x08004fdb   Thumb Code    94  os_sem.o(.text)
    OSSemQuery                               0x08005039   Thumb Code    88  os_sem.o(.text)
    OSSemSet                                 0x08005091   Thumb Code    74  os_sem.o(.text)
    OSTaskChangePrio                         0x080050f1   Thumb Code   418  os_task.o(.text)
    OSTaskCreate                             0x08005293   Thumb Code   156  os_task.o(.text)
    OS_TaskStkClr                            0x0800532f   Thumb Code    26  os_task.o(.text)
    OSTaskCreateExt                          0x08005349   Thumb Code   178  os_task.o(.text)
    OSTaskDel                                0x080053fb   Thumb Code   354  os_task.o(.text)
    OSTaskDelReq                             0x0800555d   Thumb Code   112  os_task.o(.text)
    OSTaskNameGet                            0x080055cd   Thumb Code   140  os_task.o(.text)
    OSTaskNameSet                            0x08005659   Thumb Code   120  os_task.o(.text)
    OSTaskResume                             0x080056d1   Thumb Code   162  os_task.o(.text)
    OSTaskStkChk                             0x08005773   Thumb Code   150  os_task.o(.text)
    OSTaskSuspend                            0x08005809   Thumb Code   172  os_task.o(.text)
    OSTaskQuery                              0x080058b5   Thumb Code   132  os_task.o(.text)
    OSTaskRegGet                             0x08005939   Thumb Code    86  os_task.o(.text)
    OSTaskRegSet                             0x0800598f   Thumb Code    84  os_task.o(.text)
    OS_TaskReturn                            0x080059e3   Thumb Code    18  os_task.o(.text)
    OSTimeDly                                0x080059fd   Thumb Code   100  os_time.o(.text)
    OSTimeDlyHMSM                            0x08005a61   Thumb Code   124  os_time.o(.text)
    OSTimeDlyResume                          0x08005add   Thumb Code   168  os_time.o(.text)
    OSTimeGet                                0x08005b85   Thumb Code    24  os_time.o(.text)
    OSTimeSet                                0x08005b9d   Thumb Code    24  os_time.o(.text)
    OSTmrCreate                              0x08005c03   Thumb Code   142  os_tmr.o(.text)
    OSTmrDel                                 0x08005d09   Thumb Code   134  os_tmr.o(.text)
    OSTmrNameGet                             0x08005d8f   Thumb Code   134  os_tmr.o(.text)
    OSTmrRemainGet                           0x08005e15   Thumb Code   172  os_tmr.o(.text)
    OSTmrStateGet                            0x08005ec1   Thumb Code    96  os_tmr.o(.text)
    OSTmrStart                               0x08005f85   Thumb Code   166  os_tmr.o(.text)
    OSTmrStop                                0x0800602b   Thumb Code   190  os_tmr.o(.text)
    OSTmrSignal                              0x080060e9   Thumb Code    16  os_tmr.o(.text)
    OSTmr_Init                               0x0800619d   Thumb Code   172  os_tmr.o(.text)
    OSTaskReturnHook                         0x080062b1   Thumb Code     2  os_apphooks.o(.text)
    App_TaskCreateHook                       0x080062b3   Thumb Code     2  os_apphooks.o(.text)
    App_TaskDelHook                          0x080062b5   Thumb Code     2  os_apphooks.o(.text)
    App_TaskIdleHook                         0x080062b7   Thumb Code     2  os_apphooks.o(.text)
    App_TaskReturnHook                       0x080062b9   Thumb Code     2  os_apphooks.o(.text)
    App_TaskStatHook                         0x080062bb   Thumb Code     2  os_apphooks.o(.text)
    App_TaskSwHook                           0x080062bd   Thumb Code     2  os_apphooks.o(.text)
    App_TCBInitHook                          0x080062bf   Thumb Code     2  os_apphooks.o(.text)
    App_TimeTickHook                         0x080062c1   Thumb Code     2  os_apphooks.o(.text)
    GPIO_DeInit                              0x080062c5   Thumb Code   220  stm32f4xx_gpio.o(.text)
    GPIO_Init                                0x080063a1   Thumb Code   144  stm32f4xx_gpio.o(.text)
    GPIO_StructInit                          0x08006431   Thumb Code    18  stm32f4xx_gpio.o(.text)
    GPIO_PinLockConfig                       0x08006443   Thumb Code    34  stm32f4xx_gpio.o(.text)
    GPIO_ReadInputDataBit                    0x08006465   Thumb Code    18  stm32f4xx_gpio.o(.text)
    GPIO_ReadInputData                       0x08006477   Thumb Code     8  stm32f4xx_gpio.o(.text)
    GPIO_ReadOutputDataBit                   0x0800647f   Thumb Code    18  stm32f4xx_gpio.o(.text)
    GPIO_ReadOutputData                      0x08006491   Thumb Code     8  stm32f4xx_gpio.o(.text)
    GPIO_SetBits                             0x08006499   Thumb Code     4  stm32f4xx_gpio.o(.text)
    GPIO_ResetBits                           0x0800649d   Thumb Code     4  stm32f4xx_gpio.o(.text)
    GPIO_WriteBit                            0x080064a1   Thumb Code    10  stm32f4xx_gpio.o(.text)
    GPIO_Write                               0x080064ab   Thumb Code     4  stm32f4xx_gpio.o(.text)
    GPIO_ToggleBits                          0x080064af   Thumb Code     8  stm32f4xx_gpio.o(.text)
    GPIO_PinAFConfig                         0x080064b7   Thumb Code    70  stm32f4xx_gpio.o(.text)
    RCC_DeInit                               0x08006521   Thumb Code    60  stm32f4xx_rcc.o(.text)
    RCC_HSEConfig                            0x0800655d   Thumb Code    14  stm32f4xx_rcc.o(.text)
    RCC_GetFlagStatus                        0x0800656b   Thumb Code    60  stm32f4xx_rcc.o(.text)
    RCC_WaitForHSEStartUp                    0x080065a7   Thumb Code    56  stm32f4xx_rcc.o(.text)
    RCC_AdjustHSICalibrationValue            0x080065df   Thumb Code    20  stm32f4xx_rcc.o(.text)
    RCC_HSICmd                               0x080065f3   Thumb Code     6  stm32f4xx_rcc.o(.text)
    RCC_LSEConfig                            0x080065f9   Thumb Code    46  stm32f4xx_rcc.o(.text)
    RCC_LSICmd                               0x08006627   Thumb Code     6  stm32f4xx_rcc.o(.text)
    RCC_PLLConfig                            0x0800662d   Thumb Code    32  stm32f4xx_rcc.o(.text)
    RCC_PLLCmd                               0x0800664d   Thumb Code     6  stm32f4xx_rcc.o(.text)
    RCC_PLLI2SConfig                         0x08006653   Thumb Code    14  stm32f4xx_rcc.o(.text)
    RCC_PLLI2SCmd                            0x08006661   Thumb Code     6  stm32f4xx_rcc.o(.text)
    RCC_ClockSecuritySystemCmd               0x08006667   Thumb Code     6  stm32f4xx_rcc.o(.text)
    RCC_MCO1Config                           0x0800666d   Thumb Code    28  stm32f4xx_rcc.o(.text)
    RCC_MCO2Config                           0x08006689   Thumb Code    28  stm32f4xx_rcc.o(.text)
    RCC_SYSCLKConfig                         0x080066a5   Thumb Code    20  stm32f4xx_rcc.o(.text)
    RCC_GetSYSCLKSource                      0x080066b9   Thumb Code    12  stm32f4xx_rcc.o(.text)
    RCC_HCLKConfig                           0x080066c5   Thumb Code    20  stm32f4xx_rcc.o(.text)
    RCC_PCLK1Config                          0x080066d9   Thumb Code    20  stm32f4xx_rcc.o(.text)
    RCC_PCLK2Config                          0x080066ed   Thumb Code    22  stm32f4xx_rcc.o(.text)
    RCC_GetClocksFreq                        0x08006703   Thumb Code   222  stm32f4xx_rcc.o(.text)
    RCC_RTCCLKConfig                         0x080067e1   Thumb Code    54  stm32f4xx_rcc.o(.text)
    RCC_RTCCLKCmd                            0x08006817   Thumb Code     8  stm32f4xx_rcc.o(.text)
    RCC_BackupResetCmd                       0x0800681f   Thumb Code     8  stm32f4xx_rcc.o(.text)
    RCC_I2SCLKConfig                         0x08006827   Thumb Code     6  stm32f4xx_rcc.o(.text)
    RCC_AHB1PeriphClockCmd                   0x0800682d   Thumb Code    34  stm32f4xx_rcc.o(.text)
    RCC_AHB2PeriphClockCmd                   0x0800684f   Thumb Code    34  stm32f4xx_rcc.o(.text)
    RCC_AHB3PeriphClockCmd                   0x08006871   Thumb Code    34  stm32f4xx_rcc.o(.text)
    RCC_APB1PeriphClockCmd                   0x08006893   Thumb Code    34  stm32f4xx_rcc.o(.text)
    RCC_APB2PeriphClockCmd                   0x080068b5   Thumb Code    34  stm32f4xx_rcc.o(.text)
    RCC_AHB1PeriphResetCmd                   0x080068d7   Thumb Code    34  stm32f4xx_rcc.o(.text)
    RCC_AHB2PeriphResetCmd                   0x080068f9   Thumb Code    72  stm32f4xx_rcc.o(.text)
    RCC_AHB3PeriphResetCmd                   0x08006941   Thumb Code    34  stm32f4xx_rcc.o(.text)
    RCC_APB1PeriphResetCmd                   0x08006963   Thumb Code    34  stm32f4xx_rcc.o(.text)
    RCC_APB2PeriphResetCmd                   0x08006985   Thumb Code    34  stm32f4xx_rcc.o(.text)
    RCC_AHB1PeriphClockLPModeCmd             0x080069a7   Thumb Code    34  stm32f4xx_rcc.o(.text)
    RCC_AHB2PeriphClockLPModeCmd             0x080069c9   Thumb Code    34  stm32f4xx_rcc.o(.text)
    RCC_AHB3PeriphClockLPModeCmd             0x080069eb   Thumb Code    34  stm32f4xx_rcc.o(.text)
    RCC_APB1PeriphClockLPModeCmd             0x08006a0d   Thumb Code    34  stm32f4xx_rcc.o(.text)
    RCC_APB2PeriphClockLPModeCmd             0x08006a2f   Thumb Code    34  stm32f4xx_rcc.o(.text)
    RCC_ITConfig                             0x08006a51   Thumb Code    34  stm32f4xx_rcc.o(.text)
    RCC_ClearFlag                            0x08006a73   Thumb Code    18  stm32f4xx_rcc.o(.text)
    RCC_GetITStatus                          0x08006a85   Thumb Code    22  stm32f4xx_rcc.o(.text)
    RCC_ClearITPendingBit                    0x08006a9b   Thumb Code     8  stm32f4xx_rcc.o(.text)
    NVIC_PriorityGroupConfig                 0x08006aa9   Thumb Code    10  misc.o(.text)
    NVIC_Init                                0x08006ab3   Thumb Code   106  misc.o(.text)
    NVIC_SetVectorTable                      0x08006b1d   Thumb Code    14  misc.o(.text)
    NVIC_SystemLPConfig                      0x08006b2b   Thumb Code    34  misc.o(.text)
    SysTick_CLKSourceConfig                  0x08006b4d   Thumb Code    40  misc.o(.text)
    TIM_DeInit                               0x08006b89   Thumb Code   346  stm32f4xx_tim.o(.text)
    TIM_TimeBaseInit                         0x08006ce3   Thumb Code   104  stm32f4xx_tim.o(.text)
    TIM_TimeBaseStructInit                   0x08006d4b   Thumb Code    18  stm32f4xx_tim.o(.text)
    TIM_PrescalerConfig                      0x08006d5d   Thumb Code     6  stm32f4xx_tim.o(.text)
    TIM_CounterModeConfig                    0x08006d63   Thumb Code    18  stm32f4xx_tim.o(.text)
    TIM_SetCounter                           0x08006d75   Thumb Code     4  stm32f4xx_tim.o(.text)
    TIM_SetAutoreload                        0x08006d79   Thumb Code     4  stm32f4xx_tim.o(.text)
    TIM_GetCounter                           0x08006d7d   Thumb Code     6  stm32f4xx_tim.o(.text)
    TIM_GetPrescaler                         0x08006d83   Thumb Code     6  stm32f4xx_tim.o(.text)
    TIM_UpdateDisableConfig                  0x08006d89   Thumb Code    24  stm32f4xx_tim.o(.text)
    TIM_UpdateRequestConfig                  0x08006da1   Thumb Code    24  stm32f4xx_tim.o(.text)
    TIM_ARRPreloadConfig                     0x08006db9   Thumb Code    24  stm32f4xx_tim.o(.text)
    TIM_SelectOnePulseMode                   0x08006dd1   Thumb Code    18  stm32f4xx_tim.o(.text)
    TIM_SetClockDivision                     0x08006de3   Thumb Code    18  stm32f4xx_tim.o(.text)
    TIM_Cmd                                  0x08006df5   Thumb Code    24  stm32f4xx_tim.o(.text)
    TIM_OC1Init                              0x08006e0d   Thumb Code   114  stm32f4xx_tim.o(.text)
    TIM_OC2Init                              0x08006e7f   Thumb Code   154  stm32f4xx_tim.o(.text)
    TIM_OC3Init                              0x08006f19   Thumb Code   204  stm32f4xx_tim.o(.text)
    TIM_OC4Init                              0x08006fe5   Thumb Code   112  stm32f4xx_tim.o(.text)
    TIM_OCStructInit                         0x08007055   Thumb Code    20  stm32f4xx_tim.o(.text)
    TIM_SelectOCxM                           0x08007069   Thumb Code    86  stm32f4xx_tim.o(.text)
    TIM_SetCompare1                          0x080070bf   Thumb Code     4  stm32f4xx_tim.o(.text)
    TIM_SetCompare2                          0x080070c3   Thumb Code     4  stm32f4xx_tim.o(.text)
    TIM_SetCompare3                          0x080070c7   Thumb Code     4  stm32f4xx_tim.o(.text)
    TIM_SetCompare4                          0x080070cb   Thumb Code     4  stm32f4xx_tim.o(.text)
    TIM_ForcedOC1Config                      0x080070cf   Thumb Code    18  stm32f4xx_tim.o(.text)
    TIM_ForcedOC2Config                      0x080070e1   Thumb Code    26  stm32f4xx_tim.o(.text)
    TIM_ForcedOC3Config                      0x080070fb   Thumb Code    18  stm32f4xx_tim.o(.text)
    TIM_ForcedOC4Config                      0x0800710d   Thumb Code    26  stm32f4xx_tim.o(.text)
    TIM_OC1PreloadConfig                     0x08007127   Thumb Code    18  stm32f4xx_tim.o(.text)
    TIM_OC2PreloadConfig                     0x08007139   Thumb Code    26  stm32f4xx_tim.o(.text)
    TIM_OC3PreloadConfig                     0x08007153   Thumb Code    18  stm32f4xx_tim.o(.text)
    TIM_OC4PreloadConfig                     0x08007165   Thumb Code    26  stm32f4xx_tim.o(.text)
    TIM_OC1FastConfig                        0x0800717f   Thumb Code    18  stm32f4xx_tim.o(.text)
    TIM_OC2FastConfig                        0x08007191   Thumb Code    26  stm32f4xx_tim.o(.text)
    TIM_OC3FastConfig                        0x080071ab   Thumb Code    18  stm32f4xx_tim.o(.text)
    TIM_OC4FastConfig                        0x080071bd   Thumb Code    26  stm32f4xx_tim.o(.text)
    TIM_ClearOC1Ref                          0x080071d7   Thumb Code    18  stm32f4xx_tim.o(.text)
    TIM_ClearOC2Ref                          0x080071e9   Thumb Code    24  stm32f4xx_tim.o(.text)
    TIM_ClearOC3Ref                          0x08007201   Thumb Code    18  stm32f4xx_tim.o(.text)
    TIM_ClearOC4Ref                          0x08007213   Thumb Code    24  stm32f4xx_tim.o(.text)
    TIM_OC1PolarityConfig                    0x0800722b   Thumb Code    18  stm32f4xx_tim.o(.text)
    TIM_OC1NPolarityConfig                   0x0800723d   Thumb Code    18  stm32f4xx_tim.o(.text)
    TIM_OC2PolarityConfig                    0x0800724f   Thumb Code    26  stm32f4xx_tim.o(.text)
    TIM_OC2NPolarityConfig                   0x08007269   Thumb Code    26  stm32f4xx_tim.o(.text)
    TIM_OC3PolarityConfig                    0x08007283   Thumb Code    26  stm32f4xx_tim.o(.text)
    TIM_OC3NPolarityConfig                   0x0800729d   Thumb Code    26  stm32f4xx_tim.o(.text)
    TIM_OC4PolarityConfig                    0x080072b7   Thumb Code    26  stm32f4xx_tim.o(.text)
    TIM_CCxCmd                               0x080072d1   Thumb Code    30  stm32f4xx_tim.o(.text)
    TIM_CCxNCmd                              0x080072ef   Thumb Code    30  stm32f4xx_tim.o(.text)
    TIM_SetIC4Prescaler                      0x0800730d   Thumb Code    26  stm32f4xx_tim.o(.text)
    TIM_SetIC3Prescaler                      0x08007377   Thumb Code    18  stm32f4xx_tim.o(.text)
    TIM_SetIC2Prescaler                      0x080073d1   Thumb Code    26  stm32f4xx_tim.o(.text)
    TIM_SetIC1Prescaler                      0x08007445   Thumb Code    18  stm32f4xx_tim.o(.text)
    TIM_ICInit                               0x08007491   Thumb Code   110  stm32f4xx_tim.o(.text)
    TIM_ICStructInit                         0x080074ff   Thumb Code    18  stm32f4xx_tim.o(.text)
    TIM_PWMIConfig                           0x08007511   Thumb Code   124  stm32f4xx_tim.o(.text)
    TIM_GetCapture1                          0x0800758d   Thumb Code     6  stm32f4xx_tim.o(.text)
    TIM_GetCapture2                          0x08007593   Thumb Code     6  stm32f4xx_tim.o(.text)
    TIM_GetCapture3                          0x08007599   Thumb Code     6  stm32f4xx_tim.o(.text)
    TIM_GetCapture4                          0x0800759f   Thumb Code     6  stm32f4xx_tim.o(.text)
    TIM_BDTRConfig                           0x080075a5   Thumb Code    32  stm32f4xx_tim.o(.text)
    TIM_BDTRStructInit                       0x080075c5   Thumb Code    18  stm32f4xx_tim.o(.text)
    TIM_CtrlPWMOutputs                       0x080075d7   Thumb Code    30  stm32f4xx_tim.o(.text)
    TIM_SelectCOM                            0x080075f5   Thumb Code    24  stm32f4xx_tim.o(.text)
    TIM_CCPreloadControl                     0x0800760d   Thumb Code    24  stm32f4xx_tim.o(.text)
    TIM_ITConfig                             0x08007625   Thumb Code    18  stm32f4xx_tim.o(.text)
    TIM_GenerateEvent                        0x08007637   Thumb Code     4  stm32f4xx_tim.o(.text)
    TIM_GetFlagStatus                        0x0800763b   Thumb Code    18  stm32f4xx_tim.o(.text)
    TIM_ClearFlag                            0x0800764d   Thumb Code     6  stm32f4xx_tim.o(.text)
    TIM_GetITStatus                          0x08007653   Thumb Code    34  stm32f4xx_tim.o(.text)
    TIM_ClearITPendingBit                    0x08007675   Thumb Code     6  stm32f4xx_tim.o(.text)
    TIM_DMAConfig                            0x0800767b   Thumb Code    10  stm32f4xx_tim.o(.text)
    TIM_DMACmd                               0x08007685   Thumb Code    18  stm32f4xx_tim.o(.text)
    TIM_SelectCCDMA                          0x08007697   Thumb Code    24  stm32f4xx_tim.o(.text)
    TIM_InternalClockConfig                  0x080076af   Thumb Code    12  stm32f4xx_tim.o(.text)
    TIM_SelectInputTrigger                   0x080076bb   Thumb Code    18  stm32f4xx_tim.o(.text)
    TIM_ITRxExternalClockConfig              0x080076cd   Thumb Code    24  stm32f4xx_tim.o(.text)
    TIM_TIxExternalClockConfig               0x080076e5   Thumb Code    62  stm32f4xx_tim.o(.text)
    TIM_ETRConfig                            0x08007723   Thumb Code    28  stm32f4xx_tim.o(.text)
    TIM_ETRClockMode1Config                  0x0800773f   Thumb Code    54  stm32f4xx_tim.o(.text)
    TIM_ETRClockMode2Config                  0x08007775   Thumb Code    32  stm32f4xx_tim.o(.text)
    TIM_SelectOutputTrigger                  0x08007795   Thumb Code    18  stm32f4xx_tim.o(.text)
    TIM_SelectSlaveMode                      0x080077a7   Thumb Code    18  stm32f4xx_tim.o(.text)
    TIM_SelectMasterSlaveMode                0x080077b9   Thumb Code    18  stm32f4xx_tim.o(.text)
    TIM_EncoderInterfaceConfig               0x080077cb   Thumb Code    66  stm32f4xx_tim.o(.text)
    TIM_SelectHallSensor                     0x0800780d   Thumb Code    24  stm32f4xx_tim.o(.text)
    TIM_RemapConfig                          0x08007825   Thumb Code     6  stm32f4xx_tim.o(.text)
    USART_DeInit                             0x0800782d   Thumb Code   156  stm32f4xx_usart.o(.text)
    USART_Init                               0x080078c9   Thumb Code   204  stm32f4xx_usart.o(.text)
    USART_StructInit                         0x08007995   Thumb Code    24  stm32f4xx_usart.o(.text)
    USART_ClockInit                          0x080079ad   Thumb Code    32  stm32f4xx_usart.o(.text)
    USART_ClockStructInit                    0x080079cd   Thumb Code    12  stm32f4xx_usart.o(.text)
    USART_Cmd                                0x080079d9   Thumb Code    24  stm32f4xx_usart.o(.text)
    USART_SetPrescaler                       0x080079f1   Thumb Code    16  stm32f4xx_usart.o(.text)
    USART_OverSampling8Cmd                   0x08007a01   Thumb Code    22  stm32f4xx_usart.o(.text)
    USART_OneBitMethodCmd                    0x08007a17   Thumb Code    24  stm32f4xx_usart.o(.text)
    USART_ClearFlag                          0x08007a2f   Thumb Code    18  stm32f4xx_usart.o(.text)
    USART_GetFlagStatus                      0x08007a41   Thumb Code    26  stm32f4xx_usart.o(.text)
    USART_SendData                           0x08007a5b   Thumb Code    44  stm32f4xx_usart.o(.text)
    USART_ReceiveData                        0x08007a87   Thumb Code    10  stm32f4xx_usart.o(.text)
    USART_SetAddress                         0x08007a91   Thumb Code    18  stm32f4xx_usart.o(.text)
    USART_ReceiverWakeUpCmd                  0x08007aa3   Thumb Code    24  stm32f4xx_usart.o(.text)
    USART_WakeUpConfig                       0x08007abb   Thumb Code    18  stm32f4xx_usart.o(.text)
    USART_LINBreakDetectLengthConfig         0x08007acd   Thumb Code    18  stm32f4xx_usart.o(.text)
    USART_LINCmd                             0x08007adf   Thumb Code    24  stm32f4xx_usart.o(.text)
    USART_SendBreak                          0x08007af7   Thumb Code    10  stm32f4xx_usart.o(.text)
    USART_HalfDuplexCmd                      0x08007b01   Thumb Code    24  stm32f4xx_usart.o(.text)
    USART_SetGuardTime                       0x08007b19   Thumb Code    16  stm32f4xx_usart.o(.text)
    USART_SmartCardCmd                       0x08007b29   Thumb Code    24  stm32f4xx_usart.o(.text)
    USART_SmartCardNACKCmd                   0x08007b41   Thumb Code    24  stm32f4xx_usart.o(.text)
    USART_IrDAConfig                         0x08007b59   Thumb Code    18  stm32f4xx_usart.o(.text)
    USART_IrDACmd                            0x08007b6b   Thumb Code    24  stm32f4xx_usart.o(.text)
    USART_DMACmd                             0x08007b83   Thumb Code    18  stm32f4xx_usart.o(.text)
    USART_ITConfig                           0x08007b95   Thumb Code    74  stm32f4xx_usart.o(.text)
    USART_GetITStatus                        0x08007bdf   Thumb Code   110  stm32f4xx_usart.o(.text)
    USART_ClearITPendingBit                  0x08007c4d   Thumb Code    30  stm32f4xx_usart.o(.text)
    CAN_DeInit                               0x08007c6d   Thumb Code    50  stm32f4xx_can.o(.text)
    CAN_Init                                 0x08007c9f   Thumb Code   276  stm32f4xx_can.o(.text)
    CAN_FilterInit                           0x08007db3   Thumb Code   258  stm32f4xx_can.o(.text)
    CAN_StructInit                           0x08007eb5   Thumb Code    32  stm32f4xx_can.o(.text)
    CAN_SlaveStartBank                       0x08007ed5   Thumb Code    48  stm32f4xx_can.o(.text)
    CAN_DBGFreeze                            0x08007f05   Thumb Code    22  stm32f4xx_can.o(.text)
    CAN_TTComModeCmd                         0x08007f1b   Thumb Code   118  stm32f4xx_can.o(.text)
    CAN_Transmit                             0x08007f91   Thumb Code   304  stm32f4xx_can.o(.text)
    CAN_TransmitStatus                       0x080080c1   Thumb Code   138  stm32f4xx_can.o(.text)
    CAN_CancelTransmit                       0x0800814b   Thumb Code    48  stm32f4xx_can.o(.text)
    CAN_Receive                              0x0800817b   Thumb Code   240  stm32f4xx_can.o(.text)
    CAN_FIFORelease                          0x0800826b   Thumb Code    22  stm32f4xx_can.o(.text)
    CAN_MessagePending                       0x08008281   Thumb Code    30  stm32f4xx_can.o(.text)
    CAN_OperatingModeRequest                 0x0800829f   Thumb Code   162  stm32f4xx_can.o(.text)
    CAN_Sleep                                0x08008341   Thumb Code    30  stm32f4xx_can.o(.text)
    CAN_WakeUp                               0x0800835f   Thumb Code    48  stm32f4xx_can.o(.text)
    CAN_GetLastErrorCode                     0x0800838f   Thumb Code    12  stm32f4xx_can.o(.text)
    CAN_GetReceiveErrorCounter               0x0800839b   Thumb Code    10  stm32f4xx_can.o(.text)
    CAN_GetLSBTransmitErrorCounter           0x080083a5   Thumb Code    12  stm32f4xx_can.o(.text)
    CAN_ITConfig                             0x080083b1   Thumb Code    18  stm32f4xx_can.o(.text)
    CAN_GetFlagStatus                        0x080083c3   Thumb Code   120  stm32f4xx_can.o(.text)
    CAN_ClearFlag                            0x0800843b   Thumb Code    52  stm32f4xx_can.o(.text)
    CAN_GetITStatus                          0x08008481   Thumb Code   310  stm32f4xx_can.o(.text)
    CAN_ClearITPendingBit                    0x080085b7   Thumb Code   162  stm32f4xx_can.o(.text)
    __aeabi_memcpy4                          0x0800865d   Thumb Code     0  rt_memcpy_w.o(.text)
    __aeabi_memcpy8                          0x0800865d   Thumb Code     0  rt_memcpy_w.o(.text)
    __rt_memcpy_w                            0x0800865d   Thumb Code   100  rt_memcpy_w.o(.text)
    _memcpy_lastbytes_aligned                0x080086a5   Thumb Code     0  rt_memcpy_w.o(.text)
    __use_two_region_memory                  0x080086c1   Thumb Code     2  heapauxi.o(.text)
    __rt_heap_escrow$2region                 0x080086c3   Thumb Code     2  heapauxi.o(.text)
    __rt_heap_expand$2region                 0x080086c5   Thumb Code     2  heapauxi.o(.text)
    __read_errno                             0x080086c7   Thumb Code    10  _rserrno.o(.text)
    __set_errno                              0x080086d1   Thumb Code    12  _rserrno.o(.text)
    __aeabi_errno_addr                       0x080086dd   Thumb Code     8  rt_errno_addr_intlibspace.o(.text)
    __errno$intlibspace                      0x080086dd   Thumb Code     0  rt_errno_addr_intlibspace.o(.text)
    __rt_errno_addr$intlibspace              0x080086dd   Thumb Code     0  rt_errno_addr_intlibspace.o(.text)
    __user_libspace                          0x080086e5   Thumb Code     8  libspace.o(.text)
    __user_perproc_libspace                  0x080086e5   Thumb Code     0  libspace.o(.text)
    __user_perthread_libspace                0x080086e5   Thumb Code     0  libspace.o(.text)
    __user_setup_stackheap                   0x080086ed   Thumb Code    74  sys_stackheap_outer.o(.text)
    exit                                     0x08008737   Thumb Code    12  exit.o(.text)
    _sys_exit                                0x08008745   Thumb Code     8  sys_exit.o(.text)
    __I$use$semihosting                      0x08008751   Thumb Code     0  use_no_semi.o(.text)
    __use_no_semihosting_swi                 0x08008751   Thumb Code     2  use_no_semi.o(.text)
    __ARM_fpclassifyf                        0x08008753   Thumb Code    38  fpclassifyf.o(i.__ARM_fpclassifyf)
    __semihosting_library_function           0x08008753   Thumb Code     0  indicate_semi.o(.text)
    __hardfp_asinf                           0x08008779   Thumb Code   258  asinf.o(i.__hardfp_asinf)
    __hardfp_atan2f                          0x080088a5   Thumb Code   502  atan2f.o(i.__hardfp_atan2f)
    __hardfp_cosf                            0x08008af5   Thumb Code   280  cosf.o(i.__hardfp_cosf)
    __hardfp_fabs                            0x08008c45   Thumb Code    20  fabs.o(i.__hardfp_fabs)
    __hardfp_powf                            0x08008c59   Thumb Code  1518  powf.o(i.__hardfp_powf)
    __mathlib_powf                           0x08008c59   Thumb Code     0  powf.o(i.__hardfp_powf)
    __hardfp_sinf                            0x08009265   Thumb Code   344  sinf.o(i.__hardfp_sinf)
    __hardfp_sqrtf                           0x080093f5   Thumb Code    58  sqrtf.o(i.__hardfp_sqrtf)
    __mathlib_flt_divzero                    0x08009431   Thumb Code    14  funder.o(i.__mathlib_flt_divzero)
    __mathlib_flt_infnan                     0x08009445   Thumb Code     6  funder.o(i.__mathlib_flt_infnan)
    __mathlib_flt_infnan2                    0x0800944b   Thumb Code     6  funder.o(i.__mathlib_flt_infnan2)
    __mathlib_flt_invalid                    0x08009451   Thumb Code    10  funder.o(i.__mathlib_flt_invalid)
    __mathlib_flt_overflow                   0x08009461   Thumb Code    10  funder.o(i.__mathlib_flt_overflow)
    __mathlib_flt_underflow                  0x08009471   Thumb Code    10  funder.o(i.__mathlib_flt_underflow)
    __mathlib_rredf2                         0x08009481   Thumb Code   316  rredf.o(i.__mathlib_rredf2)
    sqrtf                                    0x080095d5   Thumb Code    62  sqrtf.o(i.sqrtf)
    __fpl_dcmp_Inf                           0x08009613   Thumb Code    24  dcmpi.o(x$fpl$dcmpinf)
    __aeabi_cdcmple                          0x0800962d   Thumb Code     0  dleqf.o(x$fpl$dleqf)
    _dcmple                                  0x0800962d   Thumb Code   120  dleqf.o(x$fpl$dleqf)
    __fpl_dcmple_InfNaN                      0x0800968f   Thumb Code     0  dleqf.o(x$fpl$dleqf)
    __fpl_dnaninf                            0x080096a5   Thumb Code   156  dnaninf.o(x$fpl$dnaninf)
    __fpl_dretinf                            0x08009741   Thumb Code    12  dretinf.o(x$fpl$dretinf)
    __aeabi_cdrcmple                         0x0800974d   Thumb Code     0  drleqf.o(x$fpl$drleqf)
    _drcmple                                 0x0800974d   Thumb Code   108  drleqf.o(x$fpl$drleqf)
    __aeabi_f2d                              0x080097b9   Thumb Code     0  f2d.o(x$fpl$f2d)
    _f2d                                     0x080097b9   Thumb Code    86  f2d.o(x$fpl$f2d)
    __fpl_fnaninf                            0x0800980f   Thumb Code   140  fnaninf.o(x$fpl$fnaninf)
    _fp_init                                 0x0800989b   Thumb Code    10  fpinit.o(x$fpl$fpinit)
    __fplib_config_fpu_vfp                   0x080098a3   Thumb Code     0  fpinit.o(x$fpl$fpinit)
    __fplib_config_pureend_doubles           0x080098a3   Thumb Code     0  fpinit.o(x$fpl$fpinit)
    __I$use$fp                               0x080098a4   Number         0  usenofp.o(x$fpl$usenofp)
    OSDebugEn                                0x080099ac   Data           2  os_dbg.o(.constdata)
    OSEndiannessTest                         0x080099b0   Data           4  os_dbg.o(.constdata)
    OSEventEn                                0x080099b4   Data           2  os_dbg.o(.constdata)
    OSEventMax                               0x080099b6   Data           2  os_dbg.o(.constdata)
    OSEventNameEn                            0x080099b8   Data           2  os_dbg.o(.constdata)
    OSEventSize                              0x080099ba   Data           2  os_dbg.o(.constdata)
    OSEventTblSize                           0x080099bc   Data           2  os_dbg.o(.constdata)
    OSEventMultiEn                           0x080099be   Data           2  os_dbg.o(.constdata)
    OSFlagEn                                 0x080099c0   Data           2  os_dbg.o(.constdata)
    OSFlagGrpSize                            0x080099c2   Data           2  os_dbg.o(.constdata)
    OSFlagNodeSize                           0x080099c4   Data           2  os_dbg.o(.constdata)
    OSFlagWidth                              0x080099c6   Data           2  os_dbg.o(.constdata)
    OSFlagMax                                0x080099c8   Data           2  os_dbg.o(.constdata)
    OSFlagNameEn                             0x080099ca   Data           2  os_dbg.o(.constdata)
    OSLowestPrio                             0x080099cc   Data           2  os_dbg.o(.constdata)
    OSMboxEn                                 0x080099ce   Data           2  os_dbg.o(.constdata)
    OSMemEn                                  0x080099d0   Data           2  os_dbg.o(.constdata)
    OSMemMax                                 0x080099d2   Data           2  os_dbg.o(.constdata)
    OSMemNameEn                              0x080099d4   Data           2  os_dbg.o(.constdata)
    OSMemSize                                0x080099d6   Data           2  os_dbg.o(.constdata)
    OSMemTblSize                             0x080099d8   Data           2  os_dbg.o(.constdata)
    OSMutexEn                                0x080099da   Data           2  os_dbg.o(.constdata)
    OSPtrSize                                0x080099dc   Data           2  os_dbg.o(.constdata)
    OSQEn                                    0x080099de   Data           2  os_dbg.o(.constdata)
    OSQMax                                   0x080099e0   Data           2  os_dbg.o(.constdata)
    OSQSize                                  0x080099e2   Data           2  os_dbg.o(.constdata)
    OSRdyTblSize                             0x080099e4   Data           2  os_dbg.o(.constdata)
    OSSemEn                                  0x080099e6   Data           2  os_dbg.o(.constdata)
    OSStkWidth                               0x080099e8   Data           2  os_dbg.o(.constdata)
    OSTaskCreateEn                           0x080099ea   Data           2  os_dbg.o(.constdata)
    OSTaskCreateExtEn                        0x080099ec   Data           2  os_dbg.o(.constdata)
    OSTaskDelEn                              0x080099ee   Data           2  os_dbg.o(.constdata)
    OSTaskIdleStkSize                        0x080099f0   Data           2  os_dbg.o(.constdata)
    OSTaskProfileEn                          0x080099f2   Data           2  os_dbg.o(.constdata)
    OSTaskMax                                0x080099f4   Data           2  os_dbg.o(.constdata)
    OSTaskNameEn                             0x080099f6   Data           2  os_dbg.o(.constdata)
    OSTaskStatEn                             0x080099f8   Data           2  os_dbg.o(.constdata)
    OSTaskStatStkSize                        0x080099fa   Data           2  os_dbg.o(.constdata)
    OSTaskStatStkChkEn                       0x080099fc   Data           2  os_dbg.o(.constdata)
    OSTaskSwHookEn                           0x080099fe   Data           2  os_dbg.o(.constdata)
    OSTaskRegTblSize                         0x08009a00   Data           2  os_dbg.o(.constdata)
    OSTCBPrioTblMax                          0x08009a02   Data           2  os_dbg.o(.constdata)
    OSTCBSize                                0x08009a04   Data           2  os_dbg.o(.constdata)
    OSTicksPerSec                            0x08009a06   Data           2  os_dbg.o(.constdata)
    OSTimeTickHookEn                         0x08009a08   Data           2  os_dbg.o(.constdata)
    OSVersionNbr                             0x08009a0a   Data           2  os_dbg.o(.constdata)
    OSTmrEn                                  0x08009a0c   Data           2  os_dbg.o(.constdata)
    OSTmrCfgMax                              0x08009a0e   Data           2  os_dbg.o(.constdata)
    OSTmrCfgNameEn                           0x08009a10   Data           2  os_dbg.o(.constdata)
    OSTmrCfgWheelSize                        0x08009a12   Data           2  os_dbg.o(.constdata)
    OSTmrCfgTicksPerSec                      0x08009a14   Data           2  os_dbg.o(.constdata)
    OSTmrSize                                0x08009a16   Data           2  os_dbg.o(.constdata)
    OSTmrTblSize                             0x08009a18   Data           2  os_dbg.o(.constdata)
    OSTmrWheelSize                           0x08009a1a   Data           2  os_dbg.o(.constdata)
    OSTmrWheelTblSize                        0x08009a1c   Data           2  os_dbg.o(.constdata)
    OSDataSize                               0x08009a1e   Data           2  os_dbg.o(.constdata)
    OSUnMapTbl                               0x08009a20   Data         256  os_core.o(.constdata)
    Region$$Table$$Base                      0x08009c80   Number         0  anon$$obj.o(Region$$Table)
    Region$$Table$$Limit                     0x08009ca0   Number         0  anon$$obj.o(Region$$Table)
    receiveCount                             0x20000000   Data           4  stm32f4xx_it.o(.data)
    iii                                      0x20000004   Data           4  stm32f4xx_it.o(.data)
    zangle                                   0x20000008   Data           4  stm32f4xx_it.o(.data)
    xangle                                   0x2000000c   Data           4  stm32f4xx_it.o(.data)
    yangle                                   0x20000010   Data           4  stm32f4xx_it.o(.data)
    posx                                     0x20000014   Data           4  stm32f4xx_it.o(.data)
    posy                                     0x20000018   Data           4  stm32f4xx_it.o(.data)
    w_z                                      0x2000001c   Data           4  stm32f4xx_it.o(.data)
    PeriodSem                                0x20000030   Data           4  task.o(.data)
    status                                   0x20000034   Data           1  task.o(.data)
    angle                                    0x20000038   Data           4  update.o(.data)
    pos_x                                    0x2000003c   Data           4  update.o(.data)
    pos_y                                    0x20000040   Data           4  update.o(.data)
    tempangle                                0x20000044   Data           4  update.o(.data)
    temppos_x                                0x20000048   Data           4  update.o(.data)
    temppos_y                                0x2000004c   Data           4  update.o(.data)
    SystemCoreClock                          0x20000050   Data           4  system_stm32f4xx.o(.data)
    AHBPrescTable                            0x20000054   Data          16  system_stm32f4xx.o(.data)
    OS_CPU_ExceptStkBase                     0x20000064   Data           4  os_cpu_c.o(.data)
    OSCtxSwCtr                               0x2000006c   Data           4  os_core.o(.data)
    OSEventFreeList                          0x20000070   Data           4  os_core.o(.data)
    OSFlagFreeList                           0x20000074   Data           4  os_core.o(.data)
    OSCPUUsage                               0x20000078   Data           1  os_core.o(.data)
    OSIdleCtrMax                             0x2000007c   Data           4  os_core.o(.data)
    OSIdleCtrRun                             0x20000080   Data           4  os_core.o(.data)
    OSStatRdy                                0x20000084   Data           1  os_core.o(.data)
    OSIntNesting                             0x20000085   Data           1  os_core.o(.data)
    OSLockNesting                            0x20000086   Data           1  os_core.o(.data)
    OSPrioCur                                0x20000087   Data           1  os_core.o(.data)
    OSPrioHighRdy                            0x20000088   Data           1  os_core.o(.data)
    OSRdyGrp                                 0x20000089   Data           1  os_core.o(.data)
    OSRdyTbl                                 0x2000008a   Data           8  os_core.o(.data)
    OSRunning                                0x20000092   Data           1  os_core.o(.data)
    OSTaskCtr                                0x20000093   Data           1  os_core.o(.data)
    OSIdleCtr                                0x20000094   Data           4  os_core.o(.data)
    OSTCBCur                                 0x20000098   Data           4  os_core.o(.data)
    OSTCBFreeList                            0x2000009c   Data           4  os_core.o(.data)
    OSTCBHighRdy                             0x200000a0   Data           4  os_core.o(.data)
    OSTCBList                                0x200000a4   Data           4  os_core.o(.data)
    OSTickStepState                          0x200000a8   Data           1  os_core.o(.data)
    OSMemFreeList                            0x200000ac   Data           4  os_core.o(.data)
    OSQFreeList                              0x200000b0   Data           4  os_core.o(.data)
    OSTime                                   0x200000b4   Data           4  os_core.o(.data)
    OSTmrFree                                0x200000b8   Data           2  os_core.o(.data)
    OSTmrUsed                                0x200000ba   Data           2  os_core.o(.data)
    OSTmrTime                                0x200000bc   Data           4  os_core.o(.data)
    OSTmrSem                                 0x200000c0   Data           4  os_core.o(.data)
    OSTmrSemSignal                           0x200000c4   Data           4  os_core.o(.data)
    OSTmrFreeList                            0x200000c8   Data           4  os_core.o(.data)
    OS_CPU_ExceptStk                         0x200030f4   Data         512  os_cpu_c.o(.bss)
    OSEventTbl                               0x200032f4   Data        1440  os_core.o(.bss)
    OSFlagTbl                                0x20003894   Data          80  os_core.o(.bss)
    OSTaskStatStk                            0x200038e4   Data         512  os_core.o(.bss)
    OSTaskIdleStk                            0x20003ae4   Data         512  os_core.o(.bss)
    OSTCBPrioTbl                             0x20003ce4   Data         256  os_core.o(.bss)
    OSTCBTbl                                 0x20003de4   Data        2816  os_core.o(.bss)
    OSMemTbl                                 0x200048e4   Data         120  os_core.o(.bss)
    OSQTbl                                   0x2000495c   Data          96  os_core.o(.bss)
    OSTmrTbl                                 0x200049bc   Data         640  os_core.o(.bss)
    OSTmrTaskStk                             0x20004c3c   Data         512  os_core.o(.bss)
    OSTmrWheelTbl                            0x20004e3c   Data          64  os_core.o(.bss)
    __libspace_start                         0x20004e7c   Data          96  libspace.o(.bss)
    __temporary_stack_top$libspace           0x20004edc   Data           0  libspace.o(.bss)



==============================================================================

Memory Map of the image

  Image Entry point : 0x08002985

  Load Region LR_1 (Base: 0x08000000, Size: 0x00009d7c, Max: 0xffffffff, ABSOLUTE)

    Execution Region ER_RO (Base: 0x08000000, Size: 0x00009ca0, Max: 0xffffffff, ABSOLUTE)

    Base Addr    Size         Type   Attr      Idx    E Section Name        Object

    0x08000000   0x00000188   Data   RO          374    RESET               startup_stm32f4xx.o
    0x08000188   0x00000008   Code   RO          704  * !!!main             c_w.l(__main.o)
    0x08000190   0x00000034   Code   RO          983    !!!scatter          c_w.l(__scatter.o)
    0x080001c4   0x0000001a   Code   RO          985    !!handler_copy      c_w.l(__scatter_copy.o)
    0x080001de   0x00000002   PAD
    0x080001e0   0x0000001c   Code   RO          987    !!handler_zi        c_w.l(__scatter_zi.o)
    0x080001fc   0x00000002   Code   RO          857    .ARM.Collect$$libinit$$00000000  c_w.l(libinit.o)
    0x080001fe   0x00000004   Code   RO          860    .ARM.Collect$$libinit$$00000001  c_w.l(libinit2.o)
    0x08000202   0x00000000   Code   RO          863    .ARM.Collect$$libinit$$00000004  c_w.l(libinit2.o)
    0x08000202   0x00000000   Code   RO          866    .ARM.Collect$$libinit$$0000000A  c_w.l(libinit2.o)
    0x08000202   0x00000000   Code   RO          868    .ARM.Collect$$libinit$$0000000C  c_w.l(libinit2.o)
    0x08000202   0x00000000   Code   RO          870    .ARM.Collect$$libinit$$0000000E  c_w.l(libinit2.o)
    0x08000202   0x00000000   Code   RO          873    .ARM.Collect$$libinit$$00000011  c_w.l(libinit2.o)
    0x08000202   0x00000000   Code   RO          875    .ARM.Collect$$libinit$$00000013  c_w.l(libinit2.o)
    0x08000202   0x00000000   Code   RO          877    .ARM.Collect$$libinit$$00000015  c_w.l(libinit2.o)
    0x08000202   0x00000000   Code   RO          879    .ARM.Collect$$libinit$$00000017  c_w.l(libinit2.o)
    0x08000202   0x00000000   Code   RO          881    .ARM.Collect$$libinit$$00000019  c_w.l(libinit2.o)
    0x08000202   0x00000000   Code   RO          883    .ARM.Collect$$libinit$$0000001B  c_w.l(libinit2.o)
    0x08000202   0x00000000   Code   RO          885    .ARM.Collect$$libinit$$0000001D  c_w.l(libinit2.o)
    0x08000202   0x00000000   Code   RO          887    .ARM.Collect$$libinit$$0000001F  c_w.l(libinit2.o)
    0x08000202   0x00000000   Code   RO          889    .ARM.Collect$$libinit$$00000021  c_w.l(libinit2.o)
    0x08000202   0x00000000   Code   RO          891    .ARM.Collect$$libinit$$00000023  c_w.l(libinit2.o)
    0x08000202   0x00000000   Code   RO          893    .ARM.Collect$$libinit$$00000025  c_w.l(libinit2.o)
    0x08000202   0x00000000   Code   RO          897    .ARM.Collect$$libinit$$0000002C  c_w.l(libinit2.o)
    0x08000202   0x00000000   Code   RO          899    .ARM.Collect$$libinit$$0000002E  c_w.l(libinit2.o)
    0x08000202   0x00000000   Code   RO          901    .ARM.Collect$$libinit$$00000030  c_w.l(libinit2.o)
    0x08000202   0x00000000   Code   RO          903    .ARM.Collect$$libinit$$00000032  c_w.l(libinit2.o)
    0x08000202   0x00000002   Code   RO          904    .ARM.Collect$$libinit$$00000033  c_w.l(libinit2.o)
    0x08000204   0x00000002   Code   RO          924    .ARM.Collect$$libshutdown$$00000000  c_w.l(libshutdown.o)
    0x08000206   0x00000000   Code   RO          938    .ARM.Collect$$libshutdown$$00000003  c_w.l(libshutdown2.o)
    0x08000206   0x00000000   Code   RO          941    .ARM.Collect$$libshutdown$$00000006  c_w.l(libshutdown2.o)
    0x08000206   0x00000000   Code   RO          944    .ARM.Collect$$libshutdown$$00000009  c_w.l(libshutdown2.o)
    0x08000206   0x00000000   Code   RO          946    .ARM.Collect$$libshutdown$$0000000B  c_w.l(libshutdown2.o)
    0x08000206   0x00000000   Code   RO          949    .ARM.Collect$$libshutdown$$0000000E  c_w.l(libshutdown2.o)
    0x08000206   0x00000002   Code   RO          950    .ARM.Collect$$libshutdown$$0000000F  c_w.l(libshutdown2.o)
    0x08000208   0x00000000   Code   RO          792    .ARM.Collect$$rtentry$$00000000  c_w.l(__rtentry.o)
    0x08000208   0x00000000   Code   RO          826    .ARM.Collect$$rtentry$$00000002  c_w.l(__rtentry2.o)
    0x08000208   0x00000006   Code   RO          838    .ARM.Collect$$rtentry$$00000004  c_w.l(__rtentry4.o)
    0x0800020e   0x00000000   Code   RO          828    .ARM.Collect$$rtentry$$00000009  c_w.l(__rtentry2.o)
    0x0800020e   0x00000004   Code   RO          829    .ARM.Collect$$rtentry$$0000000A  c_w.l(__rtentry2.o)
    0x08000212   0x00000000   Code   RO          831    .ARM.Collect$$rtentry$$0000000C  c_w.l(__rtentry2.o)
    0x08000212   0x00000008   Code   RO          832    .ARM.Collect$$rtentry$$0000000D  c_w.l(__rtentry2.o)
    0x0800021a   0x00000002   Code   RO          858    .ARM.Collect$$rtexit$$00000000  c_w.l(rtexit.o)
    0x0800021c   0x00000000   Code   RO          906    .ARM.Collect$$rtexit$$00000002  c_w.l(rtexit2.o)
    0x0800021c   0x00000004   Code   RO          907    .ARM.Collect$$rtexit$$00000003  c_w.l(rtexit2.o)
    0x08000220   0x00000006   Code   RO          908    .ARM.Collect$$rtexit$$00000004  c_w.l(rtexit2.o)
    0x08000226   0x00000002   PAD
    0x08000228   0x00000074   Code   RO            3    .text               main.o
    0x0800029c   0x0000054e   Code   RO           98    .text               timer.o
    0x080007ea   0x00000002   PAD
    0x080007ec   0x000003dc   Code   RO          133    .text               stm32f4xx_it.o
    0x08000bc8   0x00000398   Code   RO          214    .text               usart.o
    0x08000f60   0x00000630   Code   RO          241    .text               elmo.o
    0x08001590   0x0000044c   Code   RO          262    .text               can.o
    0x080019dc   0x0000018c   Code   RO          282    .text               task.o
    0x08001b68   0x00000b94   Code   RO          306    .text               walk.o
    0x080026fc   0x00000078   Code   RO          331    .text               update.o
    0x08002774   0x00000210   Code   RO          348    .text               system_stm32f4xx.o
    0x08002984   0x00000050   Code   RO          375  * .text               startup_stm32f4xx.o
    0x080029d4   0x000002c8   Code   RO          381    .text               os_cpu_c.o
    0x08002c9c   0x000000b8   Code   RO          410    .text               os_cpu_a.o
    0x08002d54   0x0000015c   Code   RO          413    .text               os_dbg.o
    0x08002eb0   0x00000d50   Code   RO          428    .text               os_core.o
    0x08003c00   0x00000864   Code   RO          448    .text               os_flag.o
    0x08004464   0x00000258   Code   RO          472    .text               os_mem.o
    0x080046bc   0x00000654   Code   RO          496    .text               os_q.o
    0x08004d10   0x000003e0   Code   RO          508    .text               os_sem.o
    0x080050f0   0x0000090c   Code   RO          520    .text               os_task.o
    0x080059fc   0x000001d4   Code   RO          532    .text               os_time.o
    0x08005bd0   0x000006e0   Code   RO          544    .text               os_tmr.o
    0x080062b0   0x00000012   Code   RO          558    .text               os_apphooks.o
    0x080062c2   0x00000002   PAD
    0x080062c4   0x0000025c   Code   RO          578    .text               stm32f4xx_gpio.o
    0x08006520   0x00000588   Code   RO          598    .text               stm32f4xx_rcc.o
    0x08006aa8   0x000000e0   Code   RO          620    .text               misc.o
    0x08006b88   0x00000ca2   Code   RO          640    .text               stm32f4xx_tim.o
    0x0800782a   0x00000002   PAD
    0x0800782c   0x0000043e   Code   RO          660    .text               stm32f4xx_usart.o
    0x08007c6a   0x00000002   PAD
    0x08007c6c   0x000009f0   Code   RO          680    .text               stm32f4xx_can.o
    0x0800865c   0x00000064   Code   RO          700    .text               c_w.l(rt_memcpy_w.o)
    0x080086c0   0x00000006   Code   RO          702    .text               c_w.l(heapauxi.o)
    0x080086c6   0x00000016   Code   RO          793    .text               c_w.l(_rserrno.o)
    0x080086dc   0x00000008   Code   RO          843    .text               c_w.l(rt_errno_addr_intlibspace.o)
    0x080086e4   0x00000008   Code   RO          845    .text               c_w.l(libspace.o)
    0x080086ec   0x0000004a   Code   RO          848    .text               c_w.l(sys_stackheap_outer.o)
    0x08008736   0x0000000c   Code   RO          850    .text               c_w.l(exit.o)
    0x08008742   0x00000002   PAD
    0x08008744   0x0000000c   Code   RO          916    .text               c_w.l(sys_exit.o)
    0x08008750   0x00000002   Code   RO          927    .text               c_w.l(use_no_semi.o)
    0x08008752   0x00000000   Code   RO          929    .text               c_w.l(indicate_semi.o)
    0x08008752   0x00000026   Code   RO          806    i.__ARM_fpclassifyf  m_wm.l(fpclassifyf.o)
    0x08008778   0x0000012c   Code   RO          712    i.__hardfp_asinf    m_wm.l(asinf.o)
    0x080088a4   0x00000250   Code   RO          724    i.__hardfp_atan2f   m_wm.l(atan2f.o)
    0x08008af4   0x00000150   Code   RO          736    i.__hardfp_cosf     m_wm.l(cosf.o)
    0x08008c44   0x00000014   Code   RO          748    i.__hardfp_fabs     m_wm.l(fabs.o)
    0x08008c58   0x0000060c   Code   RO          754    i.__hardfp_powf     m_wm.l(powf.o)
    0x08009264   0x00000190   Code   RO          768    i.__hardfp_sinf     m_wm.l(sinf.o)
    0x080093f4   0x0000003a   Code   RO          780    i.__hardfp_sqrtf    m_wm.l(sqrtf.o)
    0x0800942e   0x00000002   PAD
    0x08009430   0x00000014   Code   RO          808    i.__mathlib_flt_divzero  m_wm.l(funder.o)
    0x08009444   0x00000006   Code   RO          809    i.__mathlib_flt_infnan  m_wm.l(funder.o)
    0x0800944a   0x00000006   Code   RO          810    i.__mathlib_flt_infnan2  m_wm.l(funder.o)
    0x08009450   0x00000010   Code   RO          811    i.__mathlib_flt_invalid  m_wm.l(funder.o)
    0x08009460   0x00000010   Code   RO          812    i.__mathlib_flt_overflow  m_wm.l(funder.o)
    0x08009470   0x00000010   Code   RO          814    i.__mathlib_flt_underflow  m_wm.l(funder.o)
    0x08009480   0x00000154   Code   RO          822    i.__mathlib_rredf2  m_wm.l(rredf.o)
    0x080095d4   0x0000003e   Code   RO          782    i.sqrtf             m_wm.l(sqrtf.o)
    0x08009612   0x00000018   Code   RO          795    x$fpl$dcmpinf       fz_wm.l(dcmpi.o)
    0x0800962a   0x00000002   PAD
    0x0800962c   0x00000078   Code   RO          706    x$fpl$dleqf         fz_wm.l(dleqf.o)
    0x080096a4   0x0000009c   Code   RO          797    x$fpl$dnaninf       fz_wm.l(dnaninf.o)
    0x08009740   0x0000000c   Code   RO          799    x$fpl$dretinf       fz_wm.l(dretinf.o)
    0x0800974c   0x0000006c   Code   RO          708    x$fpl$drleqf        fz_wm.l(drleqf.o)
    0x080097b8   0x00000056   Code   RO          710    x$fpl$f2d           fz_wm.l(f2d.o)
    0x0800980e   0x0000008c   Code   RO          801    x$fpl$fnaninf       fz_wm.l(fnaninf.o)
    0x0800989a   0x0000000a   Code   RO          914    x$fpl$fpinit        fz_wm.l(fpinit.o)
    0x080098a4   0x00000000   Code   RO          805    x$fpl$usenofp       fz_wm.l(usenofp.o)
    0x080098a4   0x00000108   Data   RO          242    .constdata          elmo.o
    0x080099ac   0x00000074   Data   RO          414    .constdata          os_dbg.o
    0x08009a20   0x00000100   Data   RO          430    .constdata          os_core.o
    0x08009b20   0x00000140   Data   RO          757    .constdata          m_wm.l(powf.o)
    0x08009c60   0x00000020   Data   RO          823    .constdata          m_wm.l(rredf.o)
    0x08009c80   0x00000020   Data   RO          981    Region$$Table       anon$$obj.o


    Execution Region ER_RW (Base: 0x20000000, Size: 0x000000dc, Max: 0xffffffff, ABSOLUTE)

    Base Addr    Size         Type   Attr      Idx    E Section Name        Object

    0x20000000   0x0000002f   Data   RW          135    .data               stm32f4xx_it.o
    0x2000002f   0x00000001   PAD
    0x20000030   0x00000005   Data   RW          284    .data               task.o
    0x20000035   0x00000003   PAD
    0x20000038   0x00000018   Data   RW          332    .data               update.o
    0x20000050   0x00000014   Data   RW          349    .data               system_stm32f4xx.o
    0x20000064   0x00000006   Data   RW          383    .data               os_cpu_c.o
    0x2000006a   0x00000002   PAD
    0x2000006c   0x00000060   Data   RW          431    .data               os_core.o
    0x200000cc   0x00000010   Data   RW          599    .data               stm32f4xx_rcc.o


    Execution Region ER_ZI (Base: 0x200000dc, Size: 0x00005404, Max: 0xffffffff, ABSOLUTE)

    Base Addr    Size         Type   Attr      Idx    E Section Name        Object

    0x200000dc   0x00001800   Zero   RW            4    .bss                main.o
    0x200018dc   0x00000018   Zero   RW          134    .bss                stm32f4xx_it.o
    0x200018f4   0x00001800   Zero   RW          283    .bss                task.o
    0x200030f4   0x00000200   Zero   RW          382    .bss                os_cpu_c.o
    0x200032f4   0x00001b88   Zero   RW          429    .bss                os_core.o
    0x20004e7c   0x00000060   Zero   RW          846    .bss                c_w.l(libspace.o)
    0x20004edc   0x00000004   PAD
    0x20004ee0   0x00000200   Zero   RW          373    HEAP                startup_stm32f4xx.o
    0x200050e0   0x00000400   Zero   RW          372    STACK               startup_stm32f4xx.o


==============================================================================

Image component sizes


      Code (inc. data)   RO Data    RW Data    ZI Data      Debug   Object Name

      1100         14          0          0          0       2921   can.o
      1584         22        264          0          0       3949   elmo.o
       116         18          0          0       6144     230662   main.o
       224         20          0          0          0       2037   misc.o
        18          0          0          0          0       1559   os_apphooks.o
      3408        290        256         96       7048      19295   os_core.o
       184         32          0          0          0        356   os_cpu_a.o
       712         28          0          6        512      12495   os_cpu_c.o
       348        230        116          0          0       3498   os_dbg.o
      2148         44          0          0          0       7088   os_flag.o
       600         16          0          0          0       3404   os_mem.o
      1620         34          0          0          0       5833   os_q.o
       992         22          0          0          0       4050   os_sem.o
      2316         76          0          0          0       8221   os_task.o
       468         28          0          0          0       1894   os_time.o
      1760        132          0          0          0       5713   os_tmr.o
        80         32        392          0       1536        912   startup_stm32f4xx.o
      2544         38          0          0          0       8184   stm32f4xx_can.o
       604         36          0          0          0       4277   stm32f4xx_gpio.o
       988        126          0         47         24      17741   stm32f4xx_it.o
      1416         48          0         16          0      11227   stm32f4xx_rcc.o
      3234         60          0          0          0      22516   stm32f4xx_tim.o
      1086         26          0          0          0       8036   stm32f4xx_usart.o
       528         46          0         20          0       1975   system_stm32f4xx.o
       396         62          0          5       6144       1326   task.o
      1358         14          0          0          0      43406   timer.o
       120         24          0         24          0       2252   update.o
       920         26          0          0          0       3754   usart.o
      2964         60          0          0          0       3362   walk.o

    ----------------------------------------------------------------------
     33844       1604       1060        220      21408     441943   Object Totals
         0          0         32          0          0          0   (incl. Generated)
         8          0          0          6          0          0   (incl. Padding)

    ----------------------------------------------------------------------

      Code (inc. data)   RO Data    RW Data    ZI Data      Debug   Library Member Name

         8          0          0          0          0         68   __main.o
         0          0          0          0          0          0   __rtentry.o
        12          0          0          0          0          0   __rtentry2.o
         6          0          0          0          0          0   __rtentry4.o
        52          8          0          0          0          0   __scatter.o
        26          0          0          0          0          0   __scatter_copy.o
        28          0          0          0          0          0   __scatter_zi.o
        22          0          0          0          0        100   _rserrno.o
        12          0          0          0          0         72   exit.o
         6          0          0          0          0        152   heapauxi.o
         0          0          0          0          0          0   indicate_semi.o
         2          0          0          0          0          0   libinit.o
         6          0          0          0          0          0   libinit2.o
         2          0          0          0          0          0   libshutdown.o
         2          0          0          0          0          0   libshutdown2.o
         8          4          0          0         96         68   libspace.o
         8          4          0          0          0         68   rt_errno_addr_intlibspace.o
       100          0          0          0          0         80   rt_memcpy_w.o
         2          0          0          0          0          0   rtexit.o
        10          0          0          0          0          0   rtexit2.o
        12          4          0          0          0         68   sys_exit.o
        74          0          0          0          0         80   sys_stackheap_outer.o
         2          0          0          0          0         68   use_no_semi.o
        24          0          0          0          0        116   dcmpi.o
       120          4          0          0          0        140   dleqf.o
       156          4          0          0          0        140   dnaninf.o
        12          0          0          0          0        116   dretinf.o
       108          0          0          0          0        128   drleqf.o
        86          4          0          0          0        132   f2d.o
       140          4          0          0          0        132   fnaninf.o
        10          0          0          0          0        116   fpinit.o
         0          0          0          0          0          0   usenofp.o
       300         42          0          0          0        176   asinf.o
       592         90          0          0          0        184   atan2f.o
       336         56          0          0          0        136   cosf.o
        20          0          0          0          0        124   fabs.o
        38          0          0          0          0        116   fpclassifyf.o
        80         24          0          0          0        696   funder.o
      1548        110        320          0          0        268   powf.o
       340         24         32          0          0        160   rredf.o
       400         56          0          0          0        212   sinf.o
       120          0          0          0          0        272   sqrtf.o

    ----------------------------------------------------------------------
      4840        438        352          0        100       4188   Library Totals
        10          0          0          0          4          0   (incl. Padding)

    ----------------------------------------------------------------------

      Code (inc. data)   RO Data    RW Data    ZI Data      Debug   Library Name

       400         20          0          0         96        824   c_w.l
       656         16          0          0          0       1020   fz_wm.l
      3774        402        352          0          0       2344   m_wm.l

    ----------------------------------------------------------------------
      4840        438        352          0        100       4188   Library Totals

    ----------------------------------------------------------------------

==============================================================================


      Code (inc. data)   RO Data    RW Data    ZI Data      Debug   

     38684       2042       1412        220      21508     438519   Grand Totals
     38684       2042       1412        220      21508     438519   ELF Image Totals
     38684       2042       1412        220          0          0   ROM Totals

==============================================================================

    Total RO  Size (Code + RO Data)                40096 (  39.16kB)
    Total RW  Size (RW Data + ZI Data)             21728 (  21.22kB)
    Total ROM Size (Code + RO Data + RW Data)      40316 (  39.37kB)

==============================================================================

